<html>
<body>
<pre>
<h1>µVision Build Log</h1>
<h2>Tool Versions:</h2>
IDE-Version: ¦ÌVision V5.16a
Copyright (C) 2015 ARM Ltd and ARM Germany GmbH. All rights reserved.
License Information: kking kking, kking, LIC=21EVE-5IAHB-G7ER6-DTHUE-3ATNZ-6ADWT
 
Tool Versions:
Toolchain:       MDK-ARM Standard  Version: 5.16a
Toolchain Path:  C:\Keil_v5\ARM\ARMCC\Bin
C Compiler:      Armcc.exe V5.06 (build 20)
Assembler:       Armasm.exe V5.06 (build 20)
Linker/Locator:  ArmLink.exe V5.06 (build 20)
Library Manager: ArmAr.exe V5.06 (build 20)
Hex Converter:   FromElf.exe V5.06 (build 20)
CPU DLL:         SARMCM3.DLL V5.16a
Dialog DLL:      DARMCM1.DLL V1.12.0.0
Target DLL:      Segger\JL2CM3.dll V2.99.15.2
Dialog DLL:      TARMCM1.DLL V1.9.0.0
 
<h2>Project:</h2>
F:\SVN\DA14583\DA1458x_SDK_5.0.4\DA1458x_SDK\5.0.4\projects\target_apps\ble_examples\ble_app_security\Keil_5\ble_app_security.uvprojx
Project File Date:  08/17/2019

<h2>Output:</h2>
*** Using Compiler 'V5.06 (build 20)', folder: 'C:\Keil_v5\ARM\ARMCC\Bin'
Rebuild target 'ble_app_security_583'
assembling boot_vectors.s...
compiling system_ARMCM0.c...
compiling hardfault_handler.c...
compiling nmi_handler.c...
compiling nvds.c...
compiling arch_sleep.c...
compiling jump_table.c...
compiling arch_main.c...
compiling syscntl.c...
compiling arch_patch.c...
compiling gpio.c...
..\..\..\..\..\sdk\platform\driver\gpio\gpio.c(119): warning:  #1215-D: #warning directive: "GPIO assignment checking is active! Deactivate before burning OTP..."
          #warning "GPIO assignment checking is active! Deactivate before burning OTP..."
..\..\..\..\..\sdk\platform\driver\gpio\gpio.c: 1 warning, 0 errors
compiling arch_system.c...
compiling wkupct_quadec.c...
compiling adc.c...
compiling battery.c...
..\..\..\..\..\sdk\platform\driver\battery\battery.c(197): warning:  #177-D: variable "batt_lvl" was declared but never referenced
  	uint8_t batt_lvl;
..\..\..\..\..\sdk\platform\driver\battery\battery.c(172): warning:  #177-D: function "battery_filter_value" was declared but never referenced
  static inline uint16_t battery_filter_value (uint16_t new_adc_value)
..\..\..\..\..\sdk\platform\driver\battery\battery.c: 2 warnings, 0 errors
compiling trng.c...
compiling spi.c...
compiling spi_flash.c...
compiling i2c_eeprom.c...
compiling uart2.c...
compiling rf_580.c...
compiling gapm.c...
compiling rwble.c...
compiling rwip.c...
compiling attm_db_128.c...
compiling diss.c...
compiling diss_task.c...
compiling custs1.c...
compiling prf_utils.c...
compiling custs1_task.c...
compiling custom_common.c...
compiling app_default_handlers.c...
compiling app.c...
compiling app_task.c...
compiling app_security.c...
compiling app_bass.c...
compiling app_bass_task.c...
compiling app_security_task.c...
compiling app_findme.c...
compiling app_proxr.c...
compiling app_findme_task.c...
compiling app_proxr_task.c...
compiling app_diss.c...
compiling app_diss_task.c...
compiling app_spotar.c...
compiling app_spotar_task.c...
compiling app_entry_point.c...
compiling app_msg_utils.c...
compiling app_easy_msg_utils.c...
compiling app_easy_timer.c...
compiling app_customs.c...
compiling app_easy_security.c...
compiling app_customs_task.c...
compiling app_customs_common.c...
compiling app_bond_db.c...
compiling user_custs_config.c...
compiling user_custs1_def.c...
compiling user_periph_setup.c...
compiling user_security.c...
linking...
Program Size: Code=20276 RO-data=2424 RW-data=700 ZI-data=8180  
FromELF: creating hex file...
".\out_583\ble_app_security_583.axf" - 0 Error(s), 3 Warning(s).

<h2>Collection of Component include folders:</h2>
  F:\SVN\DA14583\DA1458x_SDK_5.0.4\DA1458x_SDK\5.0.4\projects\target_apps\ble_examples\ble_app_security\Keil_5\RTE
  C:\Keil_v5\ARM\PACK\ARM\CMSIS\4.3.0\Device\ARM\ARMCM0\Include

<h2>Collection of Component Files used:</h2>
Build Time Elapsed:  00:00:16
</pre>
</body>
</html>
