<!doctype html public "-//w3c//dtd html 4.0 transitional//en">
<html><head>
<title>Static Call Graph - [.\out_583\ble_app_security_583.axf]</title></head>
<body><HR>
<H1>Static Call Graph for image .\out_583\ble_app_security_583.axf</H1><HR>
<BR><P>#&#060CALLGRAPH&#062# ARM Linker, 5060020: Last Updated: Sat Aug 17 19:43:53 2019
<BR><P>
<H3>Maximum Stack Usage =       1196 bytes + Unknown(Cycles, Untraceable Function Pointers)</H3><H3>
Call chain for Maximum Stack Depth:</H3>
main_func &rArr; system_init &rArr; init_rand_seed_from_trng &rArr; trng_acquire &rArr; rfpt_init &rArr; rf_regs
<P>
<H3>
Mutually Recursive functions
</H3> <LI><a href="#[4]">PendSV_Handler</a>&nbsp;&nbsp;&nbsp;&rArr;&nbsp;&nbsp;&nbsp;<a href="#[4]">PendSV_Handler</a><BR>
 <LI><a href="#[5]">SysTick_Handler</a>&nbsp;&nbsp;&nbsp;&rArr;&nbsp;&nbsp;&nbsp;<a href="#[5]">SysTick_Handler</a><BR>
 <LI><a href="#[16]">ADC_Handler</a>&nbsp;&nbsp;&nbsp;&rArr;&nbsp;&nbsp;&nbsp;<a href="#[16]">ADC_Handler</a><BR>
</UL>
<P>
<H3>
Function Pointers
</H3><UL>
 <LI><a href="#[16]">ADC_Handler</a> from boot_vectors.o(.text) referenced from boot_vectors.o(RESET)
 <LI><a href="#[11]">BLE_CRYPT_Handler</a> from rom_symdef.txt(ABSOLUTE) referenced from boot_vectors.o(RESET)
 <LI><a href="#[9]">BLE_CSCNT_Handler</a> from rwble.o(.text) referenced from boot_vectors.o(RESET)
 <LI><a href="#[b]">BLE_ERROR_Handler</a> from rom_symdef.txt(ABSOLUTE) referenced from boot_vectors.o(RESET)
 <LI><a href="#[d]">BLE_EVENT_Handler</a> from rwble.o(.text) referenced from boot_vectors.o(RESET)
 <LI><a href="#[7]">BLE_FINETGTIM_Handler</a> from rwble.o(.text) referenced from boot_vectors.o(RESET)
 <LI><a href="#[8]">BLE_GROSSTGTIM_Handler</a> from rom_symdef.txt(ABSOLUTE) referenced from boot_vectors.o(RESET)
 <LI><a href="#[10]">BLE_RF_DIAG_Handler</a> from rwble.o(.text) referenced from boot_vectors.o(RESET)
 <LI><a href="#[c]">BLE_RX_Handler</a> from rwble.o(.text) referenced from boot_vectors.o(RESET)
 <LI><a href="#[a]">BLE_SLP_Handler</a> from rwble.o(.text) referenced from boot_vectors.o(RESET)
 <LI><a href="#[6]">BLE_WAKEUP_LP_Handler</a> from rwble.o(.text) referenced from boot_vectors.o(RESET)
 <LI><a href="#[4b]">DCoffsetCalibration_func</a> from rom_symdef.txt(ABSOLUTE) referenced from jump_table.o(jump_table_mem_area)
 <LI><a href="#[3b]">GPADC_init_func</a> from rom_symdef.txt(ABSOLUTE) referenced from jump_table.o(jump_table_mem_area)
 <LI><a href="#[19]">GPIO0_Handler</a> from gpio.o(.text) referenced from boot_vectors.o(RESET)
 <LI><a href="#[1a]">GPIO1_Handler</a> from gpio.o(.text) referenced from boot_vectors.o(RESET)
 <LI><a href="#[1b]">GPIO2_Handler</a> from gpio.o(.text) referenced from boot_vectors.o(RESET)
 <LI><a href="#[1c]">GPIO3_Handler</a> from gpio.o(.text) referenced from boot_vectors.o(RESET)
 <LI><a href="#[1d]">GPIO4_Handler</a> from gpio.o(.text) referenced from boot_vectors.o(RESET)
 <LI><a href="#[2]">HardFault_Handler</a> from boot_vectors.o(.text) referenced from boot_vectors.o(RESET)
 <LI><a href="#[57]">HardFault_HandlerC</a> from hardfault_handler.o(.text) referenced from boot_vectors.o(.text)
 <LI><a href="#[14]">I2C_Handler</a> from boot_vectors.o(.text) referenced from boot_vectors.o(RESET)
 <LI><a href="#[4c]">IffCalibration_func</a> from rom_symdef.txt(ABSOLUTE) referenced from jump_table.o(jump_table_mem_area)
 <LI><a href="#[17]">KEYBRD_Handler</a> from boot_vectors.o(.text) referenced from boot_vectors.o(RESET)
 <LI><a href="#[1]">NMI_Handler</a> from boot_vectors.o(.text) referenced from boot_vectors.o(RESET)
 <LI><a href="#[56]">NMI_HandlerC</a> from nmi_handler.o(.text) referenced from boot_vectors.o(.text)
 <LI><a href="#[4]">PendSV_Handler</a> from boot_vectors.o(.text) referenced from boot_vectors.o(RESET)
 <LI><a href="#[5f]">RADIOCNTL_Handler</a> from rf_580.o(.text) referenced from rf_580.o(.text)
 <LI><a href="#[18]">RFCAL_Handler</a> from boot_vectors.o(.text) referenced from boot_vectors.o(RESET)
 <LI><a href="#[0]">Reset_Handler</a> from boot_vectors.o(.text) referenced from boot_vectors.o(RESET)
 <LI><a href="#[15]">SPI_Handler</a> from boot_vectors.o(.text) referenced from boot_vectors.o(RESET)
 <LI><a href="#[3]">SVC_Handler</a> from boot_vectors.o(.text) referenced from boot_vectors.o(RESET)
 <LI><a href="#[58]">SVC_Handler_c</a> from arch_patch.o(.text) referenced from boot_vectors.o(.text)
 <LI><a href="#[e]">SWTIM_Handler</a> from boot_vectors.o(.text) referenced from boot_vectors.o(RESET)
 <LI><a href="#[5]">SysTick_Handler</a> from boot_vectors.o(.text) referenced from boot_vectors.o(RESET)
 <LI><a href="#[54]">SystemInit</a> from system_armcm0.o(.text) referenced from boot_vectors.o(.text)
 <LI><a href="#[75]">TASK_ATTS_atts_rtx_ind_handler</a> from rom_symdef.txt(ABSOLUTE) referenced from atts_task.obj(.constdata)
 <LI><a href="#[72]">TASK_ATTS_atts_send_event_cmd_handler</a> from rom_symdef.txt(ABSOLUTE) referenced from atts_task.obj(.constdata)
 <LI><a href="#[76]">TASK_ATTS_l2cc_data_send_rsp_handler</a> from rom_symdef.txt(ABSOLUTE) referenced from atts_task.obj(.constdata)
 <LI><a href="#[74]">TASK_ATTS_smpc_cmp_evt_handler</a> from rom_symdef.txt(ABSOLUTE) referenced from atts_task.obj(.constdata)
 <LI><a href="#[73]">TASK_ATTS_smpc_sign_ind_handler</a> from rom_symdef.txt(ABSOLUTE) referenced from atts_task.obj(.constdata)
 <LI><a href="#[13]">UART2_Handler</a> from uart2.o(.text) referenced from boot_vectors.o(RESET)
 <LI><a href="#[12]">UART_Handler</a> from rom_symdef.txt(ABSOLUTE) referenced from boot_vectors.o(RESET)
 <LI><a href="#[27]">UART_Handler_func</a> from rom_symdef.txt(ABSOLUTE) referenced from jump_table.o(jump_table_mem_area)
 <LI><a href="#[f]">WKUP_QUADEC_Handler</a> from wkupct_quadec.o(.text) referenced from boot_vectors.o(RESET)
 <LI><a href="#[55]">__main</a> from entry.o(.ARM.Collect$$$$00000000) referenced from boot_vectors.o(.text)
 <LI><a href="#[64]">adv_data_update_timer_cb</a> from user_security.o(.text) referenced from user_security.o(.text)
 <LI><a href="#[aa]">app_custs1_create_db</a> from app_customs.o(.text) referenced from user_custs_config.o(.constdata)
 <LI><a href="#[a8]">app_custs1_create_db_cfm_handler</a> from app_customs_task.o(.text) referenced from app_customs_task.o(.constdata)
 <LI><a href="#[a9]">app_custs1_disable_ind_handler</a> from app_customs_task.o(.text) referenced from app_customs_task.o(.constdata)
 <LI><a href="#[ab]">app_custs1_enable</a> from app_customs.o(.text) referenced from user_custs_config.o(.constdata)
 <LI><a href="#[a7]">app_custs1_process_handler</a> from app_customs_task.o(.text) referenced from app_entry_point.o(.constdata)
 <LI><a href="#[91]">app_diss_create_db</a> from app_diss.o(.text) referenced from app.o(.constdata)
 <LI><a href="#[92]">app_diss_enable</a> from app_diss.o(.text) referenced from app.o(.constdata)
 <LI><a href="#[a6]">app_diss_process_handler</a> from app_diss_task.o(.text) referenced from app_entry_point.o(.constdata)
 <LI><a href="#[9c]">app_entry_point_handler</a> from app_entry_point.o(.text) referenced from app_task.o(.constdata)
 <LI><a href="#[a3]">app_gap_process_handler</a> from app_task.o(.text) referenced from app_entry_point.o(.constdata)
 <LI><a href="#[99]">app_module_init_cmp_evt_handler</a> from app_task.o(.text) referenced from app_task.o(.constdata)
 <LI><a href="#[a5]">app_sec_process_handler</a> from app_security_task.o(.text) referenced from app_entry_point.o(.constdata)
 <LI><a href="#[a4]">app_timer_api_process_handler</a> from app_easy_timer.o(.text) referenced from app_entry_point.o(.constdata)
 <LI><a href="#[66]">atts_read_resp_patch</a> from atts_util.obj(.text) referenced from arch_patch.o(.constdata)
 <LI><a href="#[3d]">check_pll_lock_func</a> from rom_symdef.txt(ABSOLUTE) referenced from jump_table.o(jump_table_mem_area)
 <LI><a href="#[42]">clear_HW_LUT_func</a> from rom_symdef.txt(ABSOLUTE) referenced from jump_table.o(jump_table_mem_area)
 <LI><a href="#[69]">cmp_abs_time</a> from arch_patch.o(.text) referenced from arch_patch.o(.constdata)
 <LI><a href="#[32]">custom_nvds_get_func</a> from nvds.o(.text) referenced from jump_table.o(jump_table_mem_area)
 <LI><a href="#[89]">custs1_create_db_req_handler</a> from custs1_task.o(.text) referenced from custs1_task.o(.constdata)
 <LI><a href="#[8a]">custs1_enable_req_handler</a> from custs1_task.o(.text) referenced from custs1_task.o(.constdata)
 <LI><a href="#[ac]">custs1_init</a> from custs1.o(.text) referenced from user_custs_config.o(.constdata)
 <LI><a href="#[8f]">custs1_val_ind_req_handler</a> from custs1_task.o(.text) referenced from custs1_task.o(.constdata)
 <LI><a href="#[8d]">custs1_val_ntf_req_handler</a> from custs1_task.o(.text) referenced from custs1_task.o(.constdata)
 <LI><a href="#[8e]">custs1_val_set_req_handler</a> from custs1_task.o(.text) referenced from custs1_task.o(.constdata)
 <LI><a href="#[a1]">diss_create_db_cfm_handler</a> from app_diss_task.o(.text) referenced from app_diss_task.o(.constdata)
 <LI><a href="#[85]">diss_create_db_req_handler</a> from diss_task.o(.text) referenced from diss_task.o(.constdata)
 <LI><a href="#[a2]">diss_disable_ind_handler</a> from app_diss_task.o(.text) referenced from app_diss_task.o(.constdata)
 <LI><a href="#[87]">diss_enable_req_handler</a> from diss_task.o(.text) referenced from diss_task.o(.constdata)
 <LI><a href="#[86]">diss_set_char_val_req_handler</a> from diss_task.o(.text) referenced from diss_task.o(.constdata)
 <LI><a href="#[36]">enable_BLE_core_irq_func</a> from rom_symdef.txt(ABSOLUTE) referenced from jump_table.o(jump_table_mem_area)
 <LI><a href="#[49]">enable_rf_diag_irq_func</a> from rom_symdef.txt(ABSOLUTE) referenced from jump_table.o(jump_table_mem_area)
 <LI><a href="#[46]">find_initial_calcap_ranges_func</a> from rom_symdef.txt(ABSOLUTE) referenced from jump_table.o(jump_table_mem_area)
 <LI><a href="#[9e]">gapc_bond_ind_handler</a> from app_security_task.o(.text) referenced from app_security_task.o(.constdata)
 <LI><a href="#[9d]">gapc_bond_req_ind_handler</a> from app_security_task.o(.text) referenced from app_security_task.o(.constdata)
 <LI><a href="#[96]">gapc_cmp_evt_handler</a> from app_task.o(.text) referenced from app_task.o(.constdata)
 <LI><a href="#[6a]">gapc_con_create_patch</a> from arch_patch.o(.text) referenced from arch_patch.o(.constdata)
 <LI><a href="#[97]">gapc_connection_req_ind_handler</a> from app_task.o(.text) referenced from app_task.o(.constdata)
 <LI><a href="#[88]">gapc_disconnect_ind_handler</a> from diss_task.o(.text) referenced 3 times from diss_task.o(.constdata)
 <LI><a href="#[a0]">gapc_encrypt_ind_handler</a> from app_security_task.o(.text) referenced from app_security_task.o(.constdata)
 <LI><a href="#[9f]">gapc_encrypt_req_ind_handler</a> from app_security_task.o(.text) referenced from app_security_task.o(.constdata)
 <LI><a href="#[82]">gapc_rom_default_handler</a> from gapc_task.obj(.text) referenced from gapc_task.obj(.constdata)
 <LI><a href="#[9b]">gapc_security_ind_handler</a> from app_task.o(.text) referenced from app_task.o(.constdata)
 <LI><a href="#[9a]">gapm_adv_report_ind_handler</a> from app_task.o(.text) referenced from app_task.o(.constdata)
 <LI><a href="#[95]">gapm_cmp_evt_handler</a> from app_task.o(.text) referenced from app_task.o(.constdata)
 <LI><a href="#[94]">gapm_device_ready_ind_handler</a> from app_task.o(.text) referenced from app_task.o(.constdata)
 <LI><a href="#[8c]">gattc_cmp_evt_handler</a> from custs1_task.o(.text) referenced from custs1_task.o(.constdata)
 <LI><a href="#[8b]">gattc_write_cmd_ind_handler</a> from custs1_task.o(.text) referenced from custs1_task.o(.constdata)
 <LI><a href="#[4e]">get_rc16m_count_func</a> from arch_system.o(.text) referenced from jump_table.o(jump_table_mem_area)
 <LI><a href="#[2e]">gtl_eif_init_func</a> from rom_symdef.txt(ABSOLUTE) referenced from jump_table.o(jump_table_mem_area)
 <LI><a href="#[38]">gtl_hci_rx_header_func</a> from rom_symdef.txt(ABSOLUTE) referenced from jump_table.o(jump_table_mem_area)
 <LI><a href="#[39]">gtl_hci_rx_payload_func</a> from rom_symdef.txt(ABSOLUTE) referenced from jump_table.o(jump_table_mem_area)
 <LI><a href="#[3a]">gtl_hci_tx_evt_func</a> from rom_symdef.txt(ABSOLUTE) referenced from jump_table.o(jump_table_mem_area)
 <LI><a href="#[2f]">ke_task_init_func</a> from ke_task.obj(.text) referenced from jump_table.o(jump_table_mem_area)
 <LI><a href="#[59]">ke_task_schedule</a> from ke_task.obj(.text) referenced from ke_task.obj(.text)
 <LI><a href="#[30]">ke_timer_init_func</a> from rom_symdef.txt(ABSOLUTE) referenced from jump_table.o(jump_table_mem_area)
 <LI><a href="#[77]">llc_rom_default_handler</a> from llc.obj(.text) referenced from llc.obj(.constdata)
 <LI><a href="#[81]">lld_data_ind_handler</a> from rom_symdef.txt(ABSOLUTE) referenced from llc.obj(.constdata)
 <LI><a href="#[2d]">lld_evt_init_func</a> from rom_symdef.txt(ABSOLUTE) referenced from jump_table.o(jump_table_mem_area)
 <LI><a href="#[35]">lld_init_func</a> from rom_symdef.txt(ABSOLUTE) referenced from jump_table.o(jump_table_mem_area)
 <LI><a href="#[28]">lld_sleep_compensate_func_patched</a> from rwble.o(.text) referenced from jump_table.o(jump_table_mem_area)
 <LI><a href="#[29]">lld_sleep_init_func</a> from arch_system.o(.text) referenced from jump_table.o(jump_table_mem_area)
 <LI><a href="#[2b]">lld_sleep_lpcycles_2_us_sel_func</a> from arch_system.o(.text) referenced from jump_table.o(jump_table_mem_area)
 <LI><a href="#[2a]">lld_sleep_us_2_lpcycles_sel_func</a> from arch_system.o(.text) referenced from jump_table.o(jump_table_mem_area)
 <LI><a href="#[52]">lld_test_mode_rx_func</a> from rom_symdef.txt(ABSOLUTE) referenced from jump_table.o(jump_table_mem_area)
 <LI><a href="#[51]">lld_test_mode_tx_func</a> from rom_symdef.txt(ABSOLUTE) referenced from jump_table.o(jump_table_mem_area)
 <LI><a href="#[50]">lld_test_stop_func</a> from rom_symdef.txt(ABSOLUTE) referenced from jump_table.o(jump_table_mem_area)
 <LI><a href="#[31]">llm_encryption_done_func</a> from rom_symdef.txt(ABSOLUTE) referenced from jump_table.o(jump_table_mem_area)
 <LI><a href="#[67]">llm_rom_default_handler</a> from arch_patch.o(.text) referenced from arch_patch.o(.constdata)
 <LI><a href="#[53]">main</a> from rom_symdef.txt(ABSOLUTE) referenced from entry9a.o(.ARM.Collect$$$$0000000B)
 <LI><a href="#[1e]">main_func</a> from arch_main.o(.text) referenced from jump_table.o(jump_table_mem_area)
 <LI><a href="#[3c]">meas_precharge_freq_func</a> from rom_symdef.txt(ABSOLUTE) referenced from jump_table.o(jump_table_mem_area)
 <LI><a href="#[4a]">modulationGainCalibration_func</a> from rom_symdef.txt(ABSOLUTE) referenced from jump_table.o(jump_table_mem_area)
 <LI><a href="#[71]">my_l2cc_pdu_recv_ind_handler</a> from atts_task.obj(.text) referenced from atts_task.obj(.constdata)
 <LI><a href="#[84]">my_llc_discon_cmp_evt_handler</a> from gapc_task.obj(.text) referenced from gapc_task.obj(.constdata)
 <LI><a href="#[83]">my_llc_event_common_cmd_status_handler</a> from gapc_task.obj(.text) referenced from gapc_task.obj(.constdata)
 <LI><a href="#[78]">my_llc_le_con_update_cmd_handler</a> from llc.obj(.text) referenced from llc.obj(.constdata)
 <LI><a href="#[7a]">my_llc_link_sup_to_ind_handler</a> from llc.obj(.text) referenced from llc.obj(.constdata)
 <LI><a href="#[7b]">my_llc_llcp_rsp_to_ind_handler</a> from llc.obj(.text) referenced from llc.obj(.constdata)
 <LI><a href="#[79]">my_llc_llcp_tx_cfm_handler</a> from llc.obj(.text) referenced from llc.obj(.constdata)
 <LI><a href="#[7d]">my_llcp_channel_map_req_handler</a> from llc.obj(.text) referenced from llc.obj(.constdata)
 <LI><a href="#[7c]">my_llcp_con_up_req_handler</a> from llc.obj(.text) referenced from llc.obj(.constdata)
 <LI><a href="#[7e]">my_llcp_enc_req_handler</a> from llc.obj(.text) referenced from llc.obj(.constdata)
 <LI><a href="#[7f]">my_llcp_start_enc_rsp_handler</a> from llc.obj(.text) referenced from llc.obj(.constdata)
 <LI><a href="#[68]">my_lld_data_ind_handler</a> from arch_patch.o(.text) referenced from arch_patch.o(.constdata)
 <LI><a href="#[80]">my_lld_stop_ind_handler</a> from llc.obj(.text) referenced from llc.obj(.constdata)
 <LI><a href="#[6e]">my_smpc_check_param</a> from smpc.obj(.text) referenced from arch_patch.o(.constdata)
 <LI><a href="#[65]">param_update_request_timer_cb</a> from user_security.o(.text) referenced from user_security.o(.text)
 <LI><a href="#[70]">patched_gapm_adv_op_sanity</a> from gapm_util.obj(.text) referenced from arch_patch.o(.constdata)
 <LI><a href="#[6f]">patched_llc_con_update_ind</a> from llc_con_update_ind.obj(.text) referenced from arch_patch.o(.constdata)
 <LI><a href="#[47]">pll_vcocal_LUT_InitUpdate_func</a> from rom_symdef.txt(ABSOLUTE) referenced from jump_table.o(jump_table_mem_area)
 <LI><a href="#[34]">prf_cleanup_func</a> from prf_utils.o(.text) referenced from jump_table.o(jump_table_mem_area)
 <LI><a href="#[20]">prf_init_func</a> from prf_utils.o(.text) referenced from jump_table.o(jump_table_mem_area)
 <LI><a href="#[4d]">rf_calibration_func</a> from rom_symdef.txt(ABSOLUTE) referenced from jump_table.o(jump_table_mem_area)
 <LI><a href="#[60]">rf_force_agc_enable</a> from rf_580.o(.text) referenced from rf_580.o(.text)
 <LI><a href="#[1f]">rf_init_func</a> from rf_580.o(.text) referenced from jump_table.o(jump_table_mem_area)
 <LI><a href="#[5a]">rf_reg_rd</a> from rf_580.o(.text) referenced from rf_580.o(.text)
 <LI><a href="#[5b]">rf_reg_wr</a> from rf_580.o(.text) referenced from rf_580.o(.text)
 <LI><a href="#[2c]">rf_reinit_func</a> from rf_580.o(.text) referenced from jump_table.o(jump_table_mem_area)
 <LI><a href="#[5e]">rf_reset</a> from rf_580.o(.text) referenced from rf_580.o(.text)
 <LI><a href="#[61]">rf_rssi_convert</a> from rf_580.o(.text) referenced from rf_580.o(.text)
 <LI><a href="#[5d]">rf_sleep</a> from rf_580.o(.text) referenced from rf_580.o(.text)
 <LI><a href="#[5c]">rf_txpwr_dbm_get</a> from rf_580.o(.text) referenced from rf_580.o(.text)
 <LI><a href="#[33]">rwip_eif_get_func</a> from rom_symdef.txt(ABSOLUTE) referenced from jump_table.o(jump_table_mem_area)
 <LI><a href="#[44]">save_configure_restore_func</a> from rom_symdef.txt(ABSOLUTE) referenced from jump_table.o(jump_table_mem_area)
 <LI><a href="#[4f]">set_gauss_modgain_func</a> from rom_symdef.txt(ABSOLUTE) referenced from jump_table.o(jump_table_mem_area)
 <LI><a href="#[48]">set_rf_cal_cap_func</a> from rom_symdef.txt(ABSOLUTE) referenced from jump_table.o(jump_table_mem_area)
 <LI><a href="#[6c]">smpc_check_pairing_feat</a> from smpc.obj(.text) referenced from arch_patch.o(.constdata)
 <LI><a href="#[6d]">smpc_pairing_cfm_handler</a> from smpc_task.obj(.text) referenced from arch_patch.o(.constdata)
 <LI><a href="#[6b]">smpc_send_pairing_req_ind</a> from smpc.obj(.text) referenced from arch_patch.o(.constdata)
 <LI><a href="#[63]">timer_canceled_handler</a> from app_easy_timer.o(.text) referenced from app_easy_timer.o(.text)
 <LI><a href="#[62]">timer_modified_handler</a> from app_easy_timer.o(.text) referenced from app_easy_timer.o(.text)
 <LI><a href="#[24]">uart_finish_transfers_func</a> from rom_symdef.txt(ABSOLUTE) referenced from jump_table.o(jump_table_mem_area)
 <LI><a href="#[23]">uart_flow_off_func</a> from arch_system.o(.text) referenced from jump_table.o(jump_table_mem_area)
 <LI><a href="#[22]">uart_flow_on_func</a> from rom_symdef.txt(ABSOLUTE) referenced from jump_table.o(jump_table_mem_area)
 <LI><a href="#[21]">uart_init_func</a> from rom_symdef.txt(ABSOLUTE) referenced from jump_table.o(jump_table_mem_area)
 <LI><a href="#[25]">uart_read_func</a> from rom_symdef.txt(ABSOLUTE) referenced from jump_table.o(jump_table_mem_area)
 <LI><a href="#[26]">uart_write_func</a> from rom_symdef.txt(ABSOLUTE) referenced from jump_table.o(jump_table_mem_area)
 <LI><a href="#[43]">update_LUT_func</a> from rom_symdef.txt(ABSOLUTE) referenced from jump_table.o(jump_table_mem_area)
 <LI><a href="#[3f]">update_calcap_max_channel_func</a> from rom_symdef.txt(ABSOLUTE) referenced from jump_table.o(jump_table_mem_area)
 <LI><a href="#[3e]">update_calcap_min_channel_func</a> from rom_symdef.txt(ABSOLUTE) referenced from jump_table.o(jump_table_mem_area)
 <LI><a href="#[45]">update_calcap_ranges_func</a> from rom_symdef.txt(ABSOLUTE) referenced from jump_table.o(jump_table_mem_area)
 <LI><a href="#[93]">user_catch_rest_hndl</a> from user_security.o(.text) referenced 3 times from app_task.o(.constdata)
 <LI><a href="#[37]">wrap_platform_reset</a> from arch_system.o(.text) referenced from jump_table.o(jump_table_mem_area)
 <LI><a href="#[41]">write_HW_LUT_func</a> from rom_symdef.txt(ABSOLUTE) referenced from jump_table.o(jump_table_mem_area)
 <LI><a href="#[40]">write_one_SW_LUT_entry_func</a> from rom_symdef.txt(ABSOLUTE) referenced from jump_table.o(jump_table_mem_area)
</UL>
<P>
<H3>
Global Symbols
</H3>
<P><STRONG><a name="[d0]"></a>set_system_clocks</STRONG> (Thumb, 0 bytes, Stack size 0 bytes, rom_symdef.txt(ABSOLUTE))
<BR><BR>[Called By]<UL><LI><a href="#[b4]">&gt;&gt;</a>&nbsp;&nbsp;&nbsp;system_init (via Veneer)
</UL>

<P><STRONG><a name="[161]"></a>rf_workaround_init</STRONG> (Thumb, 0 bytes, Stack size 0 bytes, rom_symdef.txt(ABSOLUTE))
<BR><BR>[Called By]<UL><LI><a href="#[a]">&gt;&gt;</a>&nbsp;&nbsp;&nbsp;BLE_SLP_Handler (via Veneer)
</UL>

<P><STRONG><a name="[1fc]"></a>platform_reset</STRONG> (Thumb, 0 bytes, Stack size 0 bytes, rom_symdef.txt(ABSOLUTE), UNUSED)
<BR><BR>[Called By]<UL></UL>

<P><STRONG><a name="[df]"></a>platform_reset_func</STRONG> (Thumb, 0 bytes, Stack size 0 bytes, rom_symdef.txt(ABSOLUTE))
<BR><BR>[Called By]<UL><LI><a href="#[37]">&gt;&gt;</a>&nbsp;&nbsp;&nbsp;wrap_platform_reset (via Veneer)
</UL>

<P><STRONG><a name="[53]"></a>main</STRONG> (Thumb, 0 bytes, Stack size 0 bytes, rom_symdef.txt(ABSOLUTE), UNUSED)
<BR>[Address Reference Count : 1]<UL><LI> entry9a.o(.ARM.Collect$$$$0000000B)
</UL>
<P><STRONG><a name="[33]"></a>rwip_eif_get_func</STRONG> (Thumb, 0 bytes, Stack size 0 bytes, rom_symdef.txt(ABSOLUTE), UNUSED)
<BR>[Address Reference Count : 1]<UL><LI> jump_table.o(jump_table_mem_area)
</UL>
<P><STRONG><a name="[e4]"></a>co_buf_rx_free</STRONG> (Thumb, 0 bytes, Stack size 0 bytes, rom_symdef.txt(ABSOLUTE))
<BR><BR>[Called By]<UL><LI><a href="#[68]">&gt;&gt;</a>&nbsp;&nbsp;&nbsp;my_lld_data_ind_handler (via Veneer)
</UL>

<P><STRONG><a name="[10d]"></a>co_list_push_back</STRONG> (Thumb, 0 bytes, Stack size 0 bytes, rom_symdef.txt(ABSOLUTE))
<BR><BR>[Called By]<UL><LI><a href="#[59]">&gt;&gt;</a>&nbsp;&nbsp;&nbsp;ke_task_schedule (via Veneer)
</UL>

<P><STRONG><a name="[10a]"></a>co_list_pop_front</STRONG> (Thumb, 0 bytes, Stack size 0 bytes, rom_symdef.txt(ABSOLUTE))
<BR><BR>[Called By]<UL><LI><a href="#[59]">&gt;&gt;</a>&nbsp;&nbsp;&nbsp;ke_task_schedule (via Veneer)
</UL>

<P><STRONG><a name="[133]"></a>llc_con_update_cmd_complete_send</STRONG> (Thumb, 0 bytes, Stack size 0 bytes, rom_symdef.txt(ABSOLUTE))
<BR><BR>[Called By]<UL><LI><a href="#[6f]">&gt;&gt;</a>&nbsp;&nbsp;&nbsp;patched_llc_con_update_ind (via Veneer)
</UL>

<P><STRONG><a name="[120]"></a>llc_ltk_req_send</STRONG> (Thumb, 0 bytes, Stack size 0 bytes, rom_symdef.txt(ABSOLUTE))
<BR><BR>[Called By]<UL><LI><a href="#[11e]">&gt;&gt;</a>&nbsp;&nbsp;&nbsp;my_llc_enc_req_ind (via Veneer)
</UL>

<P><STRONG><a name="[12b]"></a>llc_common_enc_change_evt_send</STRONG> (Thumb, 0 bytes, Stack size 0 bytes, rom_symdef.txt(ABSOLUTE))
<BR><BR>[Called By]<UL><LI><a href="#[129]">&gt;&gt;</a>&nbsp;&nbsp;&nbsp;my_llc_start_enc_rsp_ind (via Veneer)
</UL>

<P><STRONG><a name="[11d]"></a>llc_pdu_send</STRONG> (Thumb, 0 bytes, Stack size 0 bytes, rom_symdef.txt(ABSOLUTE))
<BR><BR>[Called By]<UL><LI><a href="#[11b]">&gt;&gt;</a>&nbsp;&nbsp;&nbsp;my_llc_enc_rsp_pdu_send (via Veneer)
</UL>

<P><STRONG><a name="[12a]"></a>llc_start_enc_rsp_pdu_send</STRONG> (Thumb, 0 bytes, Stack size 0 bytes, rom_symdef.txt(ABSOLUTE))
<BR><BR>[Called By]<UL><LI><a href="#[129]">&gt;&gt;</a>&nbsp;&nbsp;&nbsp;my_llc_start_enc_rsp_ind (via Veneer)
</UL>

<P><STRONG><a name="[123]"></a>llc_reject_ind_pdu_send</STRONG> (Thumb, 0 bytes, Stack size 0 bytes, rom_symdef.txt(ABSOLUTE))
<BR><BR>[Called By]<UL><LI><a href="#[11e]">&gt;&gt;</a>&nbsp;&nbsp;&nbsp;my_llc_enc_req_ind (via Veneer)
</UL>

<P><STRONG><a name="[121]"></a>llc_terminate_ind_pdu_send</STRONG> (Thumb, 0 bytes, Stack size 0 bytes, rom_symdef.txt(ABSOLUTE))
<BR><BR>[Called By]<UL><LI><a href="#[11e]">&gt;&gt;</a>&nbsp;&nbsp;&nbsp;my_llc_enc_req_ind (via Veneer)
</UL>

<P><STRONG><a name="[125]"></a>llc_le_con_update_cmd_handler</STRONG> (Thumb, 0 bytes, Stack size 0 bytes, rom_symdef.txt(ABSOLUTE))
<BR><BR>[Called By]<UL><LI><a href="#[78]">&gt;&gt;</a>&nbsp;&nbsp;&nbsp;my_llc_le_con_update_cmd_handler (via Veneer)
</UL>

<P><STRONG><a name="[12d]"></a>llc_link_sup_to_ind_handler</STRONG> (Thumb, 0 bytes, Stack size 0 bytes, rom_symdef.txt(ABSOLUTE))
<BR><BR>[Called By]<UL><LI><a href="#[7a]">&gt;&gt;</a>&nbsp;&nbsp;&nbsp;my_llc_link_sup_to_ind_handler (via Veneer)
</UL>

<P><STRONG><a name="[12c]"></a>llc_llcp_rsp_to_ind_handler</STRONG> (Thumb, 0 bytes, Stack size 0 bytes, rom_symdef.txt(ABSOLUTE))
<BR><BR>[Called By]<UL><LI><a href="#[7b]">&gt;&gt;</a>&nbsp;&nbsp;&nbsp;my_llc_llcp_rsp_to_ind_handler (via Veneer)
</UL>

<P><STRONG><a name="[81]"></a>lld_data_ind_handler</STRONG> (Thumb, 0 bytes, Stack size 0 bytes, rom_symdef.txt(ABSOLUTE), UNUSED)
<BR>[Address Reference Count : 1]<UL><LI> llc.obj(.constdata)
</UL>
<P><STRONG><a name="[128]"></a>lld_stop_ind_handler</STRONG> (Thumb, 0 bytes, Stack size 0 bytes, rom_symdef.txt(ABSOLUTE))
<BR><BR>[Called By]<UL><LI><a href="#[80]">&gt;&gt;</a>&nbsp;&nbsp;&nbsp;my_lld_stop_ind_handler (via Veneer)
</UL>

<P><STRONG><a name="[104]"></a>llc_util_dicon_procedure</STRONG> (Thumb, 0 bytes, Stack size 0 bytes, rom_symdef.txt(ABSOLUTE))
<BR><BR>[Called By]<UL><LI><a href="#[7c]">&gt;&gt;</a>&nbsp;&nbsp;&nbsp;my_llcp_con_up_req_handler (via Veneer)
<LI><a href="#[7d]">&gt;&gt;</a>&nbsp;&nbsp;&nbsp;my_llcp_channel_map_req_handler (via Veneer)
<LI><a href="#[7f]">&gt;&gt;</a>&nbsp;&nbsp;&nbsp;my_llcp_start_enc_rsp_handler (via Veneer)
<LI><a href="#[79]">&gt;&gt;</a>&nbsp;&nbsp;&nbsp;my_llc_llcp_tx_cfm_handler (via Veneer)
<LI><a href="#[7e]">&gt;&gt;</a>&nbsp;&nbsp;&nbsp;my_llcp_enc_req_handler (via Veneer)
<LI><a href="#[105]">&gt;&gt;</a>&nbsp;&nbsp;&nbsp;my_llc_ch_map_req_ind (via Veneer)
<LI><a href="#[101]">&gt;&gt;</a>&nbsp;&nbsp;&nbsp;my_llc_con_update_req_ind (via Veneer)
</UL>

<P><STRONG><a name="[36]"></a>enable_BLE_core_irq_func</STRONG> (Thumb, 0 bytes, Stack size 0 bytes, rom_symdef.txt(ABSOLUTE), UNUSED)
<BR>[Address Reference Count : 1]<UL><LI> jump_table.o(jump_table_mem_area)
</UL>
<P><STRONG><a name="[35]"></a>lld_init_func</STRONG> (Thumb, 0 bytes, Stack size 0 bytes, rom_symdef.txt(ABSOLUTE), UNUSED)
<BR>[Address Reference Count : 1]<UL><LI> jump_table.o(jump_table_mem_area)
</UL>
<P><STRONG><a name="[106]"></a>lld_ch_map_ind</STRONG> (Thumb, 0 bytes, Stack size 0 bytes, rom_symdef.txt(ABSOLUTE))
<BR><BR>[Called By]<UL><LI><a href="#[105]">&gt;&gt;</a>&nbsp;&nbsp;&nbsp;my_llc_ch_map_req_ind (via Veneer)
</UL>

<P><STRONG><a name="[102]"></a>lld_con_update_ind</STRONG> (Thumb, 0 bytes, Stack size 0 bytes, rom_symdef.txt(ABSOLUTE))
<BR><BR>[Called By]<UL><LI><a href="#[101]">&gt;&gt;</a>&nbsp;&nbsp;&nbsp;my_llc_con_update_req_ind (via Veneer)
</UL>

<P><STRONG><a name="[50]"></a>lld_test_stop_func</STRONG> (Thumb, 0 bytes, Stack size 0 bytes, rom_symdef.txt(ABSOLUTE), UNUSED)
<BR>[Address Reference Count : 1]<UL><LI> jump_table.o(jump_table_mem_area)
</UL>
<P><STRONG><a name="[51]"></a>lld_test_mode_tx_func</STRONG> (Thumb, 0 bytes, Stack size 0 bytes, rom_symdef.txt(ABSOLUTE), UNUSED)
<BR>[Address Reference Count : 1]<UL><LI> jump_table.o(jump_table_mem_area)
</UL>
<P><STRONG><a name="[52]"></a>lld_test_mode_rx_func</STRONG> (Thumb, 0 bytes, Stack size 0 bytes, rom_symdef.txt(ABSOLUTE), UNUSED)
<BR>[Address Reference Count : 1]<UL><LI> jump_table.o(jump_table_mem_area)
</UL>
<P><STRONG><a name="[126]"></a>lld_evt_int_extract</STRONG> (Thumb, 0 bytes, Stack size 0 bytes, rom_symdef.txt(ABSOLUTE))
<BR><BR>[Called By]<UL><LI><a href="#[80]">&gt;&gt;</a>&nbsp;&nbsp;&nbsp;my_lld_stop_ind_handler (via Veneer)
</UL>

<P><STRONG><a name="[2d]"></a>lld_evt_init_func</STRONG> (Thumb, 0 bytes, Stack size 0 bytes, rom_symdef.txt(ABSOLUTE), UNUSED)
<BR>[Address Reference Count : 1]<UL><LI> jump_table.o(jump_table_mem_area)
</UL>
<P><STRONG><a name="[16a]"></a>lld_evt_start_isr</STRONG> (Thumb, 0 bytes, Stack size 0 bytes, rom_symdef.txt(ABSOLUTE))
<BR><BR>[Called By]<UL><LI><a href="#[164]">&gt;&gt;</a>&nbsp;&nbsp;&nbsp;ble_start (via Veneer)
</UL>

<P><STRONG><a name="[167]"></a>lld_evt_end_isr</STRONG> (Thumb, 0 bytes, Stack size 0 bytes, rom_symdef.txt(ABSOLUTE))
<BR><BR>[Called By]<UL><LI><a href="#[d]">&gt;&gt;</a>&nbsp;&nbsp;&nbsp;BLE_EVENT_Handler (via Veneer)
</UL>

<P><STRONG><a name="[166]"></a>lld_evt_rx_isr</STRONG> (Thumb, 0 bytes, Stack size 0 bytes, rom_symdef.txt(ABSOLUTE))
<BR><BR>[Called By]<UL><LI><a href="#[c]">&gt;&gt;</a>&nbsp;&nbsp;&nbsp;BLE_RX_Handler (via Veneer)
</UL>

<P><STRONG><a name="[ca]"></a>lld_sleep_us_2_lpcycles_func</STRONG> (Thumb, 0 bytes, Stack size 0 bytes, rom_symdef.txt(ABSOLUTE))
<BR><BR>[Called By]<UL><LI><a href="#[2a]">&gt;&gt;</a>&nbsp;&nbsp;&nbsp;lld_sleep_us_2_lpcycles_sel_func (via Veneer)
</UL>

<P><STRONG><a name="[cb]"></a>lld_sleep_lpcycles_2_us_func</STRONG> (Thumb, 0 bytes, Stack size 0 bytes, rom_symdef.txt(ABSOLUTE))
<BR><BR>[Called By]<UL><LI><a href="#[2b]">&gt;&gt;</a>&nbsp;&nbsp;&nbsp;lld_sleep_lpcycles_2_us_sel_func (via Veneer)
</UL>

<P><STRONG><a name="[16f]"></a>lld_sleep_enter</STRONG> (Thumb, 0 bytes, Stack size 0 bytes, rom_symdef.txt(ABSOLUTE))
<BR><BR>[Called By]<UL><LI><a href="#[ba]">&gt;&gt;</a>&nbsp;&nbsp;&nbsp;rwip_sleep (via Veneer)
</UL>

<P><STRONG><a name="[b5]"></a>lld_sleep_check</STRONG> (Thumb, 0 bytes, Stack size 0 bytes, rom_symdef.txt(ABSOLUTE))
<BR><BR>[Called By]<UL><LI><a href="#[ba]">&gt;&gt;</a>&nbsp;&nbsp;&nbsp;rwip_sleep (via Veneer)
<LI><a href="#[1e]">&gt;&gt;</a>&nbsp;&nbsp;&nbsp;main_func (via Veneer)
</UL>

<P><STRONG><a name="[31]"></a>llm_encryption_done_func</STRONG> (Thumb, 0 bytes, Stack size 0 bytes, rom_symdef.txt(ABSOLUTE), UNUSED)
<BR>[Address Reference Count : 1]<UL><LI> jump_table.o(jump_table_mem_area)
</UL>
<P><STRONG><a name="[e3]"></a>TASK_LLM_lld_data_ind_handler</STRONG> (Thumb, 0 bytes, Stack size 0 bytes, rom_symdef.txt(ABSOLUTE))
<BR><BR>[Called By]<UL><LI><a href="#[68]">&gt;&gt;</a>&nbsp;&nbsp;&nbsp;my_lld_data_ind_handler (via Veneer)
</UL>

<P><STRONG><a name="[124]"></a>llm_util_get_role</STRONG> (Thumb, 0 bytes, Stack size 0 bytes, rom_symdef.txt(ABSOLUTE))
<BR><BR>[Called By]<UL><LI><a href="#[129]">&gt;&gt;</a>&nbsp;&nbsp;&nbsp;my_llc_start_enc_rsp_ind (via Veneer)
<LI><a href="#[7c]">&gt;&gt;</a>&nbsp;&nbsp;&nbsp;my_llcp_con_up_req_handler (via Veneer)
<LI><a href="#[7d]">&gt;&gt;</a>&nbsp;&nbsp;&nbsp;my_llcp_channel_map_req_handler (via Veneer)
<LI><a href="#[7e]">&gt;&gt;</a>&nbsp;&nbsp;&nbsp;my_llcp_enc_req_handler (via Veneer)
<LI><a href="#[6f]">&gt;&gt;</a>&nbsp;&nbsp;&nbsp;patched_llc_con_update_ind (via Veneer)
</UL>

<P><STRONG><a name="[11f]"></a>llm_util_check_evt_mask</STRONG> (Thumb, 0 bytes, Stack size 0 bytes, rom_symdef.txt(ABSOLUTE))
<BR><BR>[Called By]<UL><LI><a href="#[11e]">&gt;&gt;</a>&nbsp;&nbsp;&nbsp;my_llc_enc_req_ind (via Veneer)
<LI><a href="#[6f]">&gt;&gt;</a>&nbsp;&nbsp;&nbsp;patched_llc_con_update_ind (via Veneer)
</UL>

<P><STRONG><a name="[21]"></a>uart_init_func</STRONG> (Thumb, 0 bytes, Stack size 0 bytes, rom_symdef.txt(ABSOLUTE), UNUSED)
<BR>[Address Reference Count : 1]<UL><LI> jump_table.o(jump_table_mem_area)
</UL>
<P><STRONG><a name="[cc]"></a>uart_flow_on</STRONG> (Thumb, 0 bytes, Stack size 0 bytes, rom_symdef.txt(ABSOLUTE))
<BR><BR>[Called By]<UL><LI><a href="#[23]">&gt;&gt;</a>&nbsp;&nbsp;&nbsp;uart_flow_off_func (via Veneer)
</UL>

<P><STRONG><a name="[22]"></a>uart_flow_on_func</STRONG> (Thumb, 0 bytes, Stack size 0 bytes, rom_symdef.txt(ABSOLUTE), UNUSED)
<BR>[Address Reference Count : 1]<UL><LI> jump_table.o(jump_table_mem_area)
</UL>
<P><STRONG><a name="[24]"></a>uart_finish_transfers_func</STRONG> (Thumb, 0 bytes, Stack size 0 bytes, rom_symdef.txt(ABSOLUTE), UNUSED)
<BR>[Address Reference Count : 1]<UL><LI> jump_table.o(jump_table_mem_area)
</UL>
<P><STRONG><a name="[25]"></a>uart_read_func</STRONG> (Thumb, 0 bytes, Stack size 0 bytes, rom_symdef.txt(ABSOLUTE), UNUSED)
<BR>[Address Reference Count : 1]<UL><LI> jump_table.o(jump_table_mem_area)
</UL>
<P><STRONG><a name="[26]"></a>uart_write_func</STRONG> (Thumb, 0 bytes, Stack size 0 bytes, rom_symdef.txt(ABSOLUTE), UNUSED)
<BR>[Address Reference Count : 1]<UL><LI> jump_table.o(jump_table_mem_area)
</UL>
<P><STRONG><a name="[12]"></a>UART_Handler</STRONG> (Thumb, 0 bytes, Stack size 0 bytes, rom_symdef.txt(ABSOLUTE), UNUSED)
<BR>[Address Reference Count : 1]<UL><LI> boot_vectors.o(RESET)
</UL>
<P><STRONG><a name="[27]"></a>UART_Handler_func</STRONG> (Thumb, 0 bytes, Stack size 0 bytes, rom_symdef.txt(ABSOLUTE), UNUSED)
<BR>[Address Reference Count : 1]<UL><LI> jump_table.o(jump_table_mem_area)
</UL>
<P><STRONG><a name="[3b]"></a>GPADC_init_func</STRONG> (Thumb, 0 bytes, Stack size 0 bytes, rom_symdef.txt(ABSOLUTE), UNUSED)
<BR>[Address Reference Count : 1]<UL><LI> jump_table.o(jump_table_mem_area)
</UL>
<P><STRONG><a name="[3c]"></a>meas_precharge_freq_func</STRONG> (Thumb, 0 bytes, Stack size 0 bytes, rom_symdef.txt(ABSOLUTE), UNUSED)
<BR>[Address Reference Count : 1]<UL><LI> jump_table.o(jump_table_mem_area)
</UL>
<P><STRONG><a name="[3d]"></a>check_pll_lock_func</STRONG> (Thumb, 0 bytes, Stack size 0 bytes, rom_symdef.txt(ABSOLUTE), UNUSED)
<BR>[Address Reference Count : 1]<UL><LI> jump_table.o(jump_table_mem_area)
</UL>
<P><STRONG><a name="[3e]"></a>update_calcap_min_channel_func</STRONG> (Thumb, 0 bytes, Stack size 0 bytes, rom_symdef.txt(ABSOLUTE), UNUSED)
<BR>[Address Reference Count : 1]<UL><LI> jump_table.o(jump_table_mem_area)
</UL>
<P><STRONG><a name="[3f]"></a>update_calcap_max_channel_func</STRONG> (Thumb, 0 bytes, Stack size 0 bytes, rom_symdef.txt(ABSOLUTE), UNUSED)
<BR>[Address Reference Count : 1]<UL><LI> jump_table.o(jump_table_mem_area)
</UL>
<P><STRONG><a name="[40]"></a>write_one_SW_LUT_entry_func</STRONG> (Thumb, 0 bytes, Stack size 0 bytes, rom_symdef.txt(ABSOLUTE), UNUSED)
<BR>[Address Reference Count : 1]<UL><LI> jump_table.o(jump_table_mem_area)
</UL>
<P><STRONG><a name="[41]"></a>write_HW_LUT_func</STRONG> (Thumb, 0 bytes, Stack size 0 bytes, rom_symdef.txt(ABSOLUTE), UNUSED)
<BR>[Address Reference Count : 1]<UL><LI> jump_table.o(jump_table_mem_area)
</UL>
<P><STRONG><a name="[42]"></a>clear_HW_LUT_func</STRONG> (Thumb, 0 bytes, Stack size 0 bytes, rom_symdef.txt(ABSOLUTE), UNUSED)
<BR>[Address Reference Count : 1]<UL><LI> jump_table.o(jump_table_mem_area)
</UL>
<P><STRONG><a name="[43]"></a>update_LUT_func</STRONG> (Thumb, 0 bytes, Stack size 0 bytes, rom_symdef.txt(ABSOLUTE), UNUSED)
<BR>[Address Reference Count : 1]<UL><LI> jump_table.o(jump_table_mem_area)
</UL>
<P><STRONG><a name="[44]"></a>save_configure_restore_func</STRONG> (Thumb, 0 bytes, Stack size 0 bytes, rom_symdef.txt(ABSOLUTE), UNUSED)
<BR>[Address Reference Count : 1]<UL><LI> jump_table.o(jump_table_mem_area)
</UL>
<P><STRONG><a name="[45]"></a>update_calcap_ranges_func</STRONG> (Thumb, 0 bytes, Stack size 0 bytes, rom_symdef.txt(ABSOLUTE), UNUSED)
<BR>[Address Reference Count : 1]<UL><LI> jump_table.o(jump_table_mem_area)
</UL>
<P><STRONG><a name="[46]"></a>find_initial_calcap_ranges_func</STRONG> (Thumb, 0 bytes, Stack size 0 bytes, rom_symdef.txt(ABSOLUTE), UNUSED)
<BR>[Address Reference Count : 1]<UL><LI> jump_table.o(jump_table_mem_area)
</UL>
<P><STRONG><a name="[c8]"></a>pll_vcocal_LUT_InitUpdate</STRONG> (Thumb, 0 bytes, Stack size 0 bytes, rom_symdef.txt(ABSOLUTE))
<BR><BR>[Called By]<UL><LI><a href="#[1f]">&gt;&gt;</a>&nbsp;&nbsp;&nbsp;rf_init_func (via Veneer)
<LI><a href="#[b6]">&gt;&gt;</a>&nbsp;&nbsp;&nbsp;conditionally_run_radio_cals (via Veneer)
</UL>

<P><STRONG><a name="[47]"></a>pll_vcocal_LUT_InitUpdate_func</STRONG> (Thumb, 0 bytes, Stack size 0 bytes, rom_symdef.txt(ABSOLUTE), UNUSED)
<BR>[Address Reference Count : 1]<UL><LI> jump_table.o(jump_table_mem_area)
</UL>
<P><STRONG><a name="[168]"></a>set_rf_cal_cap</STRONG> (Thumb, 0 bytes, Stack size 0 bytes, rom_symdef.txt(ABSOLUTE))
<BR><BR>[Called By]<UL><LI><a href="#[10]">&gt;&gt;</a>&nbsp;&nbsp;&nbsp;BLE_RF_DIAG_Handler (via Veneer)
</UL>

<P><STRONG><a name="[48]"></a>set_rf_cal_cap_func</STRONG> (Thumb, 0 bytes, Stack size 0 bytes, rom_symdef.txt(ABSOLUTE), UNUSED)
<BR>[Address Reference Count : 1]<UL><LI> jump_table.o(jump_table_mem_area)
</UL>
<P><STRONG><a name="[4a]"></a>modulationGainCalibration_func</STRONG> (Thumb, 0 bytes, Stack size 0 bytes, rom_symdef.txt(ABSOLUTE), UNUSED)
<BR>[Address Reference Count : 1]<UL><LI> jump_table.o(jump_table_mem_area)
</UL>
<P><STRONG><a name="[146]"></a>DCoffsetCalibration</STRONG> (Thumb, 0 bytes, Stack size 0 bytes, rom_symdef.txt(ABSOLUTE))
<BR><BR>[Called By]<UL><LI><a href="#[143]">&gt;&gt;</a>&nbsp;&nbsp;&nbsp;rfpt_init (via Veneer)
</UL>

<P><STRONG><a name="[4b]"></a>DCoffsetCalibration_func</STRONG> (Thumb, 0 bytes, Stack size 0 bytes, rom_symdef.txt(ABSOLUTE), UNUSED)
<BR>[Address Reference Count : 1]<UL><LI> jump_table.o(jump_table_mem_area)
</UL>
<P><STRONG><a name="[145]"></a>IffCalibration</STRONG> (Thumb, 0 bytes, Stack size 0 bytes, rom_symdef.txt(ABSOLUTE))
<BR><BR>[Called By]<UL><LI><a href="#[143]">&gt;&gt;</a>&nbsp;&nbsp;&nbsp;rfpt_init (via Veneer)
</UL>

<P><STRONG><a name="[4c]"></a>IffCalibration_func</STRONG> (Thumb, 0 bytes, Stack size 0 bytes, rom_symdef.txt(ABSOLUTE), UNUSED)
<BR>[Address Reference Count : 1]<UL><LI> jump_table.o(jump_table_mem_area)
</UL>
<P><STRONG><a name="[c9]"></a>rf_calibration</STRONG> (Thumb, 0 bytes, Stack size 0 bytes, rom_symdef.txt(ABSOLUTE))
<BR><BR>[Called By]<UL><LI><a href="#[1f]">&gt;&gt;</a>&nbsp;&nbsp;&nbsp;rf_init_func (via Veneer)
<LI><a href="#[b6]">&gt;&gt;</a>&nbsp;&nbsp;&nbsp;conditionally_run_radio_cals (via Veneer)
</UL>

<P><STRONG><a name="[4d]"></a>rf_calibration_func</STRONG> (Thumb, 0 bytes, Stack size 0 bytes, rom_symdef.txt(ABSOLUTE), UNUSED)
<BR>[Address Reference Count : 1]<UL><LI> jump_table.o(jump_table_mem_area)
</UL>
<P><STRONG><a name="[c7]"></a>get_rc16m_count</STRONG> (Thumb, 0 bytes, Stack size 0 bytes, rom_symdef.txt(ABSOLUTE))
<BR><BR>[Called By]<UL><LI><a href="#[1f]">&gt;&gt;</a>&nbsp;&nbsp;&nbsp;rf_init_func (via Veneer)
<LI><a href="#[b6]">&gt;&gt;</a>&nbsp;&nbsp;&nbsp;conditionally_run_radio_cals (via Veneer)
</UL>

<P><STRONG><a name="[c6]"></a>$Super$$get_rc16m_count_func</STRONG> (Thumb, 0 bytes, Stack size 0 bytes, rom_symdef.txt(ABSOLUTE))
<BR><BR>[Called By]<UL><LI><a href="#[4e]">&gt;&gt;</a>&nbsp;&nbsp;&nbsp;get_rc16m_count_func (via Veneer)
</UL>

<P><STRONG><a name="[169]"></a>set_gauss_modgain</STRONG> (Thumb, 0 bytes, Stack size 0 bytes, rom_symdef.txt(ABSOLUTE))
<BR><BR>[Called By]<UL><LI><a href="#[10]">&gt;&gt;</a>&nbsp;&nbsp;&nbsp;BLE_RF_DIAG_Handler (via Veneer)
</UL>

<P><STRONG><a name="[4f]"></a>set_gauss_modgain_func</STRONG> (Thumb, 0 bytes, Stack size 0 bytes, rom_symdef.txt(ABSOLUTE), UNUSED)
<BR>[Address Reference Count : 1]<UL><LI> jump_table.o(jump_table_mem_area)
</UL>
<P><STRONG><a name="[de]"></a>enable_rf_diag_irq</STRONG> (Thumb, 0 bytes, Stack size 0 bytes, rom_symdef.txt(ABSOLUTE))
<BR><BR>[Called By]<UL><LI><a href="#[2c]">&gt;&gt;</a>&nbsp;&nbsp;&nbsp;rf_reinit_func (via Veneer)
<LI><a href="#[b4]">&gt;&gt;</a>&nbsp;&nbsp;&nbsp;system_init (via Veneer)
</UL>

<P><STRONG><a name="[49]"></a>enable_rf_diag_irq_func</STRONG> (Thumb, 0 bytes, Stack size 0 bytes, rom_symdef.txt(ABSOLUTE), UNUSED)
<BR>[Address Reference Count : 1]<UL><LI> jump_table.o(jump_table_mem_area)
</UL>
<P><STRONG><a name="[38]"></a>gtl_hci_rx_header_func</STRONG> (Thumb, 0 bytes, Stack size 0 bytes, rom_symdef.txt(ABSOLUTE), UNUSED)
<BR>[Address Reference Count : 1]<UL><LI> jump_table.o(jump_table_mem_area)
</UL>
<P><STRONG><a name="[39]"></a>gtl_hci_rx_payload_func</STRONG> (Thumb, 0 bytes, Stack size 0 bytes, rom_symdef.txt(ABSOLUTE), UNUSED)
<BR>[Address Reference Count : 1]<UL><LI> jump_table.o(jump_table_mem_area)
</UL>
<P><STRONG><a name="[3a]"></a>gtl_hci_tx_evt_func</STRONG> (Thumb, 0 bytes, Stack size 0 bytes, rom_symdef.txt(ABSOLUTE), UNUSED)
<BR>[Address Reference Count : 1]<UL><LI> jump_table.o(jump_table_mem_area)
</UL>
<P><STRONG><a name="[2e]"></a>gtl_eif_init_func</STRONG> (Thumb, 0 bytes, Stack size 0 bytes, rom_symdef.txt(ABSOLUTE), UNUSED)
<BR>[Address Reference Count : 1]<UL><LI> jump_table.o(jump_table_mem_area)
</UL>
<P><STRONG><a name="[173]"></a>attmdb_add_service</STRONG> (Thumb, 0 bytes, Stack size 0 bytes, rom_symdef.txt(ABSOLUTE))
<BR><BR>[Called By]<UL><LI><a href="#[172]">&gt;&gt;</a>&nbsp;&nbsp;&nbsp;attm_svc_create_db_128 (via Veneer)
</UL>

<P><STRONG><a name="[ff]"></a>attmdb_get_service</STRONG> (Thumb, 0 bytes, Stack size 0 bytes, rom_symdef.txt(ABSOLUTE))
<BR><BR>[Called By]<UL><LI><a href="#[66]">&gt;&gt;</a>&nbsp;&nbsp;&nbsp;atts_read_resp_patch (via Veneer)
<LI><a href="#[186]">&gt;&gt;</a>&nbsp;&nbsp;&nbsp;get_value_handle (via Veneer)
<LI><a href="#[18c]">&gt;&gt;</a>&nbsp;&nbsp;&nbsp;get_cfg_handle (via Veneer)
</UL>

<P><STRONG><a name="[174]"></a>attmdb_add_attribute</STRONG> (Thumb, 0 bytes, Stack size 0 bytes, rom_symdef.txt(ABSOLUTE))
<BR><BR>[Called By]<UL><LI><a href="#[172]">&gt;&gt;</a>&nbsp;&nbsp;&nbsp;attm_svc_create_db_128 (via Veneer)
</UL>

<P><STRONG><a name="[f9]"></a>attmdb_get_attribute</STRONG> (Thumb, 0 bytes, Stack size 0 bytes, rom_symdef.txt(ABSOLUTE))
<BR><BR>[Called By]<UL><LI><a href="#[f8]">&gt;&gt;</a>&nbsp;&nbsp;&nbsp;dg_atts_read_cfm (via Veneer)
</UL>

<P><STRONG><a name="[189]"></a>attmdb_att_update_value</STRONG> (Thumb, 0 bytes, Stack size 0 bytes, rom_symdef.txt(ABSOLUTE))
<BR><BR>[Called By]<UL><LI><a href="#[8b]">&gt;&gt;</a>&nbsp;&nbsp;&nbsp;gattc_write_cmd_ind_handler (via Veneer)
</UL>

<P><STRONG><a name="[175]"></a>attmdb_att_set_value</STRONG> (Thumb, 0 bytes, Stack size 0 bytes, rom_symdef.txt(ABSOLUTE))
<BR><BR>[Called By]<UL><LI><a href="#[8f]">&gt;&gt;</a>&nbsp;&nbsp;&nbsp;custs1_val_ind_req_handler (via Veneer)
<LI><a href="#[8d]">&gt;&gt;</a>&nbsp;&nbsp;&nbsp;custs1_val_ntf_req_handler (via Veneer)
<LI><a href="#[8e]">&gt;&gt;</a>&nbsp;&nbsp;&nbsp;custs1_val_set_req_handler (via Veneer)
<LI><a href="#[8b]">&gt;&gt;</a>&nbsp;&nbsp;&nbsp;gattc_write_cmd_ind_handler (via Veneer)
<LI><a href="#[86]">&gt;&gt;</a>&nbsp;&nbsp;&nbsp;diss_set_char_val_req_handler (via Veneer)
<LI><a href="#[172]">&gt;&gt;</a>&nbsp;&nbsp;&nbsp;attm_svc_create_db_128 (via Veneer)
</UL>

<P><STRONG><a name="[176]"></a>attmdb_att_partial_value_update</STRONG> (Thumb, 0 bytes, Stack size 0 bytes, rom_symdef.txt(ABSOLUTE))
<BR><BR>[Called By]<UL><LI><a href="#[20]">&gt;&gt;</a>&nbsp;&nbsp;&nbsp;prf_init_func (via Veneer)
<LI><a href="#[172]">&gt;&gt;</a>&nbsp;&nbsp;&nbsp;attm_svc_create_db_128 (via Veneer)
</UL>

<P><STRONG><a name="[18a]"></a>attmdb_att_get_value</STRONG> (Thumb, 0 bytes, Stack size 0 bytes, rom_symdef.txt(ABSOLUTE))
<BR><BR>[Called By]<UL><LI><a href="#[8f]">&gt;&gt;</a>&nbsp;&nbsp;&nbsp;custs1_val_ind_req_handler (via Veneer)
<LI><a href="#[8d]">&gt;&gt;</a>&nbsp;&nbsp;&nbsp;custs1_val_ntf_req_handler (via Veneer)
<LI><a href="#[8b]">&gt;&gt;</a>&nbsp;&nbsp;&nbsp;gattc_write_cmd_ind_handler (via Veneer)
</UL>

<P><STRONG><a name="[185]"></a>attmdb_att_get_uuid</STRONG> (Thumb, 0 bytes, Stack size 0 bytes, rom_symdef.txt(ABSOLUTE))
<BR><BR>[Called By]<UL><LI><a href="#[186]">&gt;&gt;</a>&nbsp;&nbsp;&nbsp;get_value_handle (via Veneer)
<LI><a href="#[18c]">&gt;&gt;</a>&nbsp;&nbsp;&nbsp;get_cfg_handle (via Veneer)
<LI><a href="#[8b]">&gt;&gt;</a>&nbsp;&nbsp;&nbsp;gattc_write_cmd_ind_handler (via Veneer)
</UL>

<P><STRONG><a name="[183]"></a>attmdb_att_set_permission</STRONG> (Thumb, 0 bytes, Stack size 0 bytes, rom_symdef.txt(ABSOLUTE))
<BR><BR>[Called By]<UL><LI><a href="#[20]">&gt;&gt;</a>&nbsp;&nbsp;&nbsp;prf_init_func (via Veneer)
</UL>

<P><STRONG><a name="[187]"></a>attmdb_att_get_permission</STRONG> (Thumb, 0 bytes, Stack size 0 bytes, rom_symdef.txt(ABSOLUTE))
<BR><BR>[Called By]<UL><LI><a href="#[8b]">&gt;&gt;</a>&nbsp;&nbsp;&nbsp;gattc_write_cmd_ind_handler (via Veneer)
</UL>

<P><STRONG><a name="[17b]"></a>attmdb_svc_set_permission</STRONG> (Thumb, 0 bytes, Stack size 0 bytes, rom_symdef.txt(ABSOLUTE))
<BR><BR>[Called By]<UL><LI><a href="#[8a]">&gt;&gt;</a>&nbsp;&nbsp;&nbsp;custs1_enable_req_handler (via Veneer)
<LI><a href="#[89]">&gt;&gt;</a>&nbsp;&nbsp;&nbsp;custs1_create_db_req_handler (via Veneer)
<LI><a href="#[184]">&gt;&gt;</a>&nbsp;&nbsp;&nbsp;custs1_disable (via Veneer)
<LI><a href="#[87]">&gt;&gt;</a>&nbsp;&nbsp;&nbsp;diss_enable_req_handler (via Veneer)
<LI><a href="#[85]">&gt;&gt;</a>&nbsp;&nbsp;&nbsp;diss_create_db_req_handler (via Veneer)
<LI><a href="#[17a]">&gt;&gt;</a>&nbsp;&nbsp;&nbsp;diss_disable (via Veneer)
</UL>

<P><STRONG><a name="[17d]"></a>attm_svc_create_db</STRONG> (Thumb, 0 bytes, Stack size 0 bytes, rom_symdef.txt(ABSOLUTE))
<BR><BR>[Called By]<UL><LI><a href="#[85]">&gt;&gt;</a>&nbsp;&nbsp;&nbsp;diss_create_db_req_handler (via Veneer)
</UL>

<P><STRONG><a name="[75]"></a>TASK_ATTS_atts_rtx_ind_handler</STRONG> (Thumb, 0 bytes, Stack size 0 bytes, rom_symdef.txt(ABSOLUTE), UNUSED)
<BR>[Address Reference Count : 1]<UL><LI> atts_task.obj(.constdata)
</UL>
<P><STRONG><a name="[72]"></a>TASK_ATTS_atts_send_event_cmd_handler</STRONG> (Thumb, 0 bytes, Stack size 0 bytes, rom_symdef.txt(ABSOLUTE), UNUSED)
<BR>[Address Reference Count : 1]<UL><LI> atts_task.obj(.constdata)
</UL>
<P><STRONG><a name="[74]"></a>TASK_ATTS_smpc_cmp_evt_handler</STRONG> (Thumb, 0 bytes, Stack size 0 bytes, rom_symdef.txt(ABSOLUTE), UNUSED)
<BR>[Address Reference Count : 1]<UL><LI> atts_task.obj(.constdata)
</UL>
<P><STRONG><a name="[73]"></a>TASK_ATTS_smpc_sign_ind_handler</STRONG> (Thumb, 0 bytes, Stack size 0 bytes, rom_symdef.txt(ABSOLUTE), UNUSED)
<BR>[Address Reference Count : 1]<UL><LI> atts_task.obj(.constdata)
</UL>
<P><STRONG><a name="[76]"></a>TASK_ATTS_l2cc_data_send_rsp_handler</STRONG> (Thumb, 0 bytes, Stack size 0 bytes, rom_symdef.txt(ABSOLUTE), UNUSED)
<BR>[Address Reference Count : 1]<UL><LI> atts_task.obj(.constdata)
</UL>
<P><STRONG><a name="[fd]"></a>atts_send_pdu</STRONG> (Thumb, 0 bytes, Stack size 0 bytes, rom_symdef.txt(ABSOLUTE))
<BR><BR>[Called By]<UL><LI><a href="#[f8]">&gt;&gt;</a>&nbsp;&nbsp;&nbsp;dg_atts_read_cfm (via Veneer)
</UL>

<P><STRONG><a name="[fb]"></a>atts_allocate_pdu</STRONG> (Thumb, 0 bytes, Stack size 0 bytes, rom_symdef.txt(ABSOLUTE))
<BR><BR>[Called By]<UL><LI><a href="#[f8]">&gt;&gt;</a>&nbsp;&nbsp;&nbsp;dg_atts_read_cfm (via Veneer)
</UL>

<P><STRONG><a name="[ec]"></a>atts_mtu_exc_resp</STRONG> (Thumb, 0 bytes, Stack size 0 bytes, rom_symdef.txt(ABSOLUTE))
<BR><BR>[Called By]<UL><LI><a href="#[71]">&gt;&gt;</a>&nbsp;&nbsp;&nbsp;my_l2cc_pdu_recv_ind_handler (via Veneer)
</UL>

<P><STRONG><a name="[fc]"></a>atts_send_error</STRONG> (Thumb, 0 bytes, Stack size 0 bytes, rom_symdef.txt(ABSOLUTE))
<BR><BR>[Called By]<UL><LI><a href="#[f8]">&gt;&gt;</a>&nbsp;&nbsp;&nbsp;dg_atts_read_cfm (via Veneer)
</UL>

<P><STRONG><a name="[ed]"></a>atts_find_info_resp</STRONG> (Thumb, 0 bytes, Stack size 0 bytes, rom_symdef.txt(ABSOLUTE))
<BR><BR>[Called By]<UL><LI><a href="#[71]">&gt;&gt;</a>&nbsp;&nbsp;&nbsp;my_l2cc_pdu_recv_ind_handler (via Veneer)
</UL>

<P><STRONG><a name="[fe]"></a>atts_get_att_chk_perm</STRONG> (Thumb, 0 bytes, Stack size 0 bytes, rom_symdef.txt(ABSOLUTE))
<BR><BR>[Called By]<UL><LI><a href="#[66]">&gt;&gt;</a>&nbsp;&nbsp;&nbsp;atts_read_resp_patch (via Veneer)
</UL>

<P><STRONG><a name="[ee]"></a>atts_find_by_type_resp</STRONG> (Thumb, 0 bytes, Stack size 0 bytes, rom_symdef.txt(ABSOLUTE))
<BR><BR>[Called By]<UL><LI><a href="#[71]">&gt;&gt;</a>&nbsp;&nbsp;&nbsp;my_l2cc_pdu_recv_ind_handler (via Veneer)
</UL>

<P><STRONG><a name="[ef]"></a>atts_read_by_type_resp</STRONG> (Thumb, 0 bytes, Stack size 0 bytes, rom_symdef.txt(ABSOLUTE))
<BR><BR>[Called By]<UL><LI><a href="#[71]">&gt;&gt;</a>&nbsp;&nbsp;&nbsp;my_l2cc_pdu_recv_ind_handler (via Veneer)
</UL>

<P><STRONG><a name="[f0]"></a>atts_read_by_grp_type_resp</STRONG> (Thumb, 0 bytes, Stack size 0 bytes, rom_symdef.txt(ABSOLUTE))
<BR><BR>[Called By]<UL><LI><a href="#[71]">&gt;&gt;</a>&nbsp;&nbsp;&nbsp;my_l2cc_pdu_recv_ind_handler (via Veneer)
</UL>

<P><STRONG><a name="[f1]"></a>atts_read_blob_resp</STRONG> (Thumb, 0 bytes, Stack size 0 bytes, rom_symdef.txt(ABSOLUTE))
<BR><BR>[Called By]<UL><LI><a href="#[71]">&gt;&gt;</a>&nbsp;&nbsp;&nbsp;my_l2cc_pdu_recv_ind_handler (via Veneer)
</UL>

<P><STRONG><a name="[f2]"></a>atts_read_mult_resp</STRONG> (Thumb, 0 bytes, Stack size 0 bytes, rom_symdef.txt(ABSOLUTE))
<BR><BR>[Called By]<UL><LI><a href="#[71]">&gt;&gt;</a>&nbsp;&nbsp;&nbsp;my_l2cc_pdu_recv_ind_handler (via Veneer)
</UL>

<P><STRONG><a name="[f3]"></a>atts_write_no_resp</STRONG> (Thumb, 0 bytes, Stack size 0 bytes, rom_symdef.txt(ABSOLUTE))
<BR><BR>[Called By]<UL><LI><a href="#[71]">&gt;&gt;</a>&nbsp;&nbsp;&nbsp;my_l2cc_pdu_recv_ind_handler (via Veneer)
</UL>

<P><STRONG><a name="[f4]"></a>atts_write_resp</STRONG> (Thumb, 0 bytes, Stack size 0 bytes, rom_symdef.txt(ABSOLUTE))
<BR><BR>[Called By]<UL><LI><a href="#[71]">&gt;&gt;</a>&nbsp;&nbsp;&nbsp;my_l2cc_pdu_recv_ind_handler (via Veneer)
</UL>

<P><STRONG><a name="[f5]"></a>atts_signed_write_resp</STRONG> (Thumb, 0 bytes, Stack size 0 bytes, rom_symdef.txt(ABSOLUTE))
<BR><BR>[Called By]<UL><LI><a href="#[71]">&gt;&gt;</a>&nbsp;&nbsp;&nbsp;my_l2cc_pdu_recv_ind_handler (via Veneer)
</UL>

<P><STRONG><a name="[f6]"></a>atts_prepare_write_resp</STRONG> (Thumb, 0 bytes, Stack size 0 bytes, rom_symdef.txt(ABSOLUTE))
<BR><BR>[Called By]<UL><LI><a href="#[71]">&gt;&gt;</a>&nbsp;&nbsp;&nbsp;my_l2cc_pdu_recv_ind_handler (via Veneer)
</UL>

<P><STRONG><a name="[f7]"></a>atts_execute_write_resp</STRONG> (Thumb, 0 bytes, Stack size 0 bytes, rom_symdef.txt(ABSOLUTE))
<BR><BR>[Called By]<UL><LI><a href="#[71]">&gt;&gt;</a>&nbsp;&nbsp;&nbsp;my_l2cc_pdu_recv_ind_handler (via Veneer)
</UL>

<P><STRONG><a name="[eb]"></a>atts_send_cmd_cmp</STRONG> (Thumb, 0 bytes, Stack size 0 bytes, rom_symdef.txt(ABSOLUTE))
<BR><BR>[Called By]<UL><LI><a href="#[71]">&gt;&gt;</a>&nbsp;&nbsp;&nbsp;my_l2cc_pdu_recv_ind_handler (via Veneer)
</UL>

<P><STRONG><a name="[18b]"></a>atts_write_rsp_send</STRONG> (Thumb, 0 bytes, Stack size 0 bytes, rom_symdef.txt(ABSOLUTE))
<BR><BR>[Called By]<UL><LI><a href="#[8b]">&gt;&gt;</a>&nbsp;&nbsp;&nbsp;gattc_write_cmd_ind_handler (via Veneer)
</UL>

<P><STRONG><a name="[fa]"></a>gattc_get_mtu</STRONG> (Thumb, 0 bytes, Stack size 0 bytes, rom_symdef.txt(ABSOLUTE))
<BR><BR>[Called By]<UL><LI><a href="#[f8]">&gt;&gt;</a>&nbsp;&nbsp;&nbsp;dg_atts_read_cfm (via Veneer)
</UL>

<P><STRONG><a name="[117]"></a>smpc_check_max_key_size</STRONG> (Thumb, 0 bytes, Stack size 0 bytes, rom_symdef.txt(ABSOLUTE))
<BR><BR>[Called By]<UL><LI><a href="#[6d]">&gt;&gt;</a>&nbsp;&nbsp;&nbsp;smpc_pairing_cfm_handler (via Veneer)
</UL>

<P><STRONG><a name="[118]"></a>smpc_check_key_distrib</STRONG> (Thumb, 0 bytes, Stack size 0 bytes, rom_symdef.txt(ABSOLUTE))
<BR><BR>[Called By]<UL><LI><a href="#[6d]">&gt;&gt;</a>&nbsp;&nbsp;&nbsp;smpc_pairing_cfm_handler (via Veneer)
</UL>

<P><STRONG><a name="[112]"></a>smpc_generate_rand</STRONG> (Thumb, 0 bytes, Stack size 0 bytes, rom_symdef.txt(ABSOLUTE))
<BR><BR>[Called By]<UL><LI><a href="#[6d]">&gt;&gt;</a>&nbsp;&nbsp;&nbsp;smpc_pairing_cfm_handler (via Veneer)
</UL>

<P><STRONG><a name="[116]"></a>smpc_pairing_end</STRONG> (Thumb, 0 bytes, Stack size 0 bytes, rom_symdef.txt(ABSOLUTE))
<BR><BR>[Called By]<UL><LI><a href="#[6d]">&gt;&gt;</a>&nbsp;&nbsp;&nbsp;smpc_pairing_cfm_handler (via Veneer)
</UL>

<P><STRONG><a name="[115]"></a>smpc_tkdp_rcp_start</STRONG> (Thumb, 0 bytes, Stack size 0 bytes, rom_symdef.txt(ABSOLUTE))
<BR><BR>[Called By]<UL><LI><a href="#[6d]">&gt;&gt;</a>&nbsp;&nbsp;&nbsp;smpc_pairing_cfm_handler (via Veneer)
</UL>

<P><STRONG><a name="[114]"></a>smpc_pdu_send</STRONG> (Thumb, 0 bytes, Stack size 0 bytes, rom_symdef.txt(ABSOLUTE))
<BR><BR>[Called By]<UL><LI><a href="#[6d]">&gt;&gt;</a>&nbsp;&nbsp;&nbsp;smpc_pairing_cfm_handler (via Veneer)
</UL>

<P><STRONG><a name="[113]"></a>smpc_tkdp_send_continue</STRONG> (Thumb, 0 bytes, Stack size 0 bytes, rom_symdef.txt(ABSOLUTE))
<BR><BR>[Called By]<UL><LI><a href="#[6d]">&gt;&gt;</a>&nbsp;&nbsp;&nbsp;smpc_pairing_cfm_handler (via Veneer)
</UL>

<P><STRONG><a name="[119]"></a>smpc_get_key_sec_prop</STRONG> (Thumb, 0 bytes, Stack size 0 bytes, rom_symdef.txt(ABSOLUTE))
<BR><BR>[Called By]<UL><LI><a href="#[6d]">&gt;&gt;</a>&nbsp;&nbsp;&nbsp;smpc_pairing_cfm_handler (via Veneer)
</UL>

<P><STRONG><a name="[11a]"></a>smpc_is_sec_mode_reached</STRONG> (Thumb, 0 bytes, Stack size 0 bytes, rom_symdef.txt(ABSOLUTE))
<BR><BR>[Called By]<UL><LI><a href="#[6d]">&gt;&gt;</a>&nbsp;&nbsp;&nbsp;smpc_pairing_cfm_handler (via Veneer)
</UL>

<P><STRONG><a name="[131]"></a>gapc_send_disconect_ind</STRONG> (Thumb, 0 bytes, Stack size 0 bytes, rom_symdef.txt(ABSOLUTE))
<BR><BR>[Called By]<UL><LI><a href="#[34]">&gt;&gt;</a>&nbsp;&nbsp;&nbsp;prf_cleanup_func (via Veneer)
<LI><a href="#[84]">&gt;&gt;</a>&nbsp;&nbsp;&nbsp;my_llc_discon_cmp_evt_handler (via Veneer)
</UL>

<P><STRONG><a name="[180]"></a>gapc_get_conidx</STRONG> (Thumb, 0 bytes, Stack size 0 bytes, rom_symdef.txt(ABSOLUTE))
<BR><BR>[Called By]<UL><LI><a href="#[8a]">&gt;&gt;</a>&nbsp;&nbsp;&nbsp;custs1_enable_req_handler (via Veneer)
<LI><a href="#[87]">&gt;&gt;</a>&nbsp;&nbsp;&nbsp;diss_enable_req_handler (via Veneer)
</UL>

<P><STRONG><a name="[181]"></a>gapc_get_conhdl</STRONG> (Thumb, 0 bytes, Stack size 0 bytes, rom_symdef.txt(ABSOLUTE))
<BR><BR>[Called By]<UL><LI><a href="#[8f]">&gt;&gt;</a>&nbsp;&nbsp;&nbsp;custs1_val_ind_req_handler (via Veneer)
<LI><a href="#[8d]">&gt;&gt;</a>&nbsp;&nbsp;&nbsp;custs1_val_ntf_req_handler (via Veneer)
<LI><a href="#[8e]">&gt;&gt;</a>&nbsp;&nbsp;&nbsp;custs1_val_set_req_handler (via Veneer)
<LI><a href="#[8c]">&gt;&gt;</a>&nbsp;&nbsp;&nbsp;gattc_cmp_evt_handler (via Veneer)
<LI><a href="#[8b]">&gt;&gt;</a>&nbsp;&nbsp;&nbsp;gattc_write_cmd_ind_handler (via Veneer)
<LI><a href="#[17f]">&gt;&gt;</a>&nbsp;&nbsp;&nbsp;prf_server_error_ind_send (via Veneer)
</UL>

<P><STRONG><a name="[111]"></a>gapc_get_role</STRONG> (Thumb, 0 bytes, Stack size 0 bytes, rom_symdef.txt(ABSOLUTE))
<BR><BR>[Called By]<UL><LI><a href="#[6b]">&gt;&gt;</a>&nbsp;&nbsp;&nbsp;smpc_send_pairing_req_ind (via Veneer)
<LI><a href="#[6d]">&gt;&gt;</a>&nbsp;&nbsp;&nbsp;smpc_pairing_cfm_handler (via Veneer)
</UL>

<P><STRONG><a name="[130]"></a>gapc_send_complete_evt</STRONG> (Thumb, 0 bytes, Stack size 0 bytes, rom_symdef.txt(ABSOLUTE))
<BR><BR>[Called By]<UL><LI><a href="#[84]">&gt;&gt;</a>&nbsp;&nbsp;&nbsp;my_llc_discon_cmp_evt_handler (via Veneer)
<LI><a href="#[83]">&gt;&gt;</a>&nbsp;&nbsp;&nbsp;my_llc_event_common_cmd_status_handler (via Veneer)
</UL>

<P><STRONG><a name="[12e]"></a>gapc_send_error_evt</STRONG> (Thumb, 0 bytes, Stack size 0 bytes, rom_symdef.txt(ABSOLUTE))
<BR><BR>[Called By]<UL><LI><a href="#[84]">&gt;&gt;</a>&nbsp;&nbsp;&nbsp;my_llc_discon_cmp_evt_handler (via Veneer)
<LI><a href="#[83]">&gt;&gt;</a>&nbsp;&nbsp;&nbsp;my_llc_event_common_cmd_status_handler (via Veneer)
</UL>

<P><STRONG><a name="[110]"></a>gapc_get_enc_keysize</STRONG> (Thumb, 0 bytes, Stack size 0 bytes, rom_symdef.txt(ABSOLUTE))
<BR><BR>[Called By]<UL><LI><a href="#[6b]">&gt;&gt;</a>&nbsp;&nbsp;&nbsp;smpc_send_pairing_req_ind (via Veneer)
<LI><a href="#[6d]">&gt;&gt;</a>&nbsp;&nbsp;&nbsp;smpc_pairing_cfm_handler (via Veneer)
</UL>

<P><STRONG><a name="[12f]"></a>gapc_get_operation</STRONG> (Thumb, 0 bytes, Stack size 0 bytes, rom_symdef.txt(ABSOLUTE))
<BR><BR>[Called By]<UL><LI><a href="#[84]">&gt;&gt;</a>&nbsp;&nbsp;&nbsp;my_llc_discon_cmp_evt_handler (via Veneer)
<LI><a href="#[83]">&gt;&gt;</a>&nbsp;&nbsp;&nbsp;my_llc_event_common_cmd_status_handler (via Veneer)
</UL>

<P><STRONG><a name="[132]"></a>gapm_con_cleanup</STRONG> (Thumb, 0 bytes, Stack size 0 bytes, rom_symdef.txt(ABSOLUTE))
<BR><BR>[Called By]<UL><LI><a href="#[84]">&gt;&gt;</a>&nbsp;&nbsp;&nbsp;my_llc_discon_cmp_evt_handler (via Veneer)
</UL>

<P><STRONG><a name="[107]"></a>gapm_get_privacy_flag</STRONG> (Thumb, 0 bytes, Stack size 0 bytes, rom_symdef.txt(ABSOLUTE))
<BR><BR>[Called By]<UL><LI><a href="#[70]">&gt;&gt;</a>&nbsp;&nbsp;&nbsp;patched_gapm_adv_op_sanity (via Veneer)
</UL>

<P><STRONG><a name="[109]"></a>gapm_set_recon_addr</STRONG> (Thumb, 0 bytes, Stack size 0 bytes, rom_symdef.txt(ABSOLUTE))
<BR><BR>[Called By]<UL><LI><a href="#[70]">&gt;&gt;</a>&nbsp;&nbsp;&nbsp;patched_gapm_adv_op_sanity (via Veneer)
</UL>

<P><STRONG><a name="[16d]"></a>ke_sleep_check</STRONG> (Thumb, 0 bytes, Stack size 0 bytes, rom_symdef.txt(ABSOLUTE))
<BR><BR>[Called By]<UL><LI><a href="#[ba]">&gt;&gt;</a>&nbsp;&nbsp;&nbsp;rwip_sleep (via Veneer)
</UL>

<P><STRONG><a name="[10f]"></a>ke_event_callback_set</STRONG> (Thumb, 0 bytes, Stack size 0 bytes, rom_symdef.txt(ABSOLUTE))
<BR><BR>[Called By]<UL><LI><a href="#[2f]">&gt;&gt;</a>&nbsp;&nbsp;&nbsp;ke_task_init_func (via Veneer)
</UL>

<P><STRONG><a name="[10e]"></a>ke_event_clear</STRONG> (Thumb, 0 bytes, Stack size 0 bytes, rom_symdef.txt(ABSOLUTE))
<BR><BR>[Called By]<UL><LI><a href="#[59]">&gt;&gt;</a>&nbsp;&nbsp;&nbsp;ke_task_schedule (via Veneer)
</UL>

<P><STRONG><a name="[b8]"></a>ke_event_get</STRONG> (Thumb, 0 bytes, Stack size 0 bytes, rom_symdef.txt(ABSOLUTE))
<BR><BR>[Called By]<UL><LI><a href="#[1e]">&gt;&gt;</a>&nbsp;&nbsp;&nbsp;main_func (via Veneer)
</UL>

<P><STRONG><a name="[be]"></a>ke_mem_is_empty</STRONG> (Thumb, 0 bytes, Stack size 0 bytes, rom_symdef.txt(ABSOLUTE))
<BR><BR>[Called By]<UL><LI><a href="#[bb]">&gt;&gt;</a>&nbsp;&nbsp;&nbsp;arch_goto_sleep (via Veneer)
</UL>

<P><STRONG><a name="[e5]"></a>ke_malloc</STRONG> (Thumb, 0 bytes, Stack size 0 bytes, rom_symdef.txt(ABSOLUTE))
<BR><BR>[Called By]<UL><LI><a href="#[6a]">&gt;&gt;</a>&nbsp;&nbsp;&nbsp;gapc_con_create_patch (via Veneer)
</UL>

<P><STRONG><a name="[127]"></a>ke_free</STRONG> (Thumb, 0 bytes, Stack size 0 bytes, rom_symdef.txt(ABSOLUTE))
<BR><BR>[Called By]<UL><LI><a href="#[80]">&gt;&gt;</a>&nbsp;&nbsp;&nbsp;my_lld_stop_ind_handler (via Veneer)
</UL>

<P><STRONG><a name="[e8]"></a>ke_msg_alloc</STRONG> (Thumb, 0 bytes, Stack size 0 bytes, rom_symdef.txt(ABSOLUTE))
<BR><BR>[Called By]<UL><LI><a href="#[129]">&gt;&gt;</a>&nbsp;&nbsp;&nbsp;my_llc_start_enc_rsp_ind (via Veneer)
<LI><a href="#[6b]">&gt;&gt;</a>&nbsp;&nbsp;&nbsp;smpc_send_pairing_req_ind (via Veneer)
<LI><a href="#[66]">&gt;&gt;</a>&nbsp;&nbsp;&nbsp;atts_read_resp_patch (via Veneer)
<LI><a href="#[6a]">&gt;&gt;</a>&nbsp;&nbsp;&nbsp;gapc_con_create_patch (via Veneer)
<LI><a href="#[1af]">&gt;&gt;</a>&nbsp;&nbsp;&nbsp;app_easy_gap_dev_config_create_msg (via Veneer)
<LI><a href="#[1ae]">&gt;&gt;</a>&nbsp;&nbsp;&nbsp;app_easy_gap_param_update_msg_create (via Veneer)
<LI><a href="#[1ac]">&gt;&gt;</a>&nbsp;&nbsp;&nbsp;app_easy_gap_undirected_advertise_start_create_msg (via Veneer)
<LI><a href="#[1a2]">&gt;&gt;</a>&nbsp;&nbsp;&nbsp;app_easy_gap_disconnect (via Veneer)
<LI><a href="#[19e]">&gt;&gt;</a>&nbsp;&nbsp;&nbsp;app_easy_gap_confirm (via Veneer)
<LI><a href="#[8f]">&gt;&gt;</a>&nbsp;&nbsp;&nbsp;custs1_val_ind_req_handler (via Veneer)
<LI><a href="#[8d]">&gt;&gt;</a>&nbsp;&nbsp;&nbsp;custs1_val_ntf_req_handler (via Veneer)
<LI><a href="#[8c]">&gt;&gt;</a>&nbsp;&nbsp;&nbsp;gattc_cmp_evt_handler (via Veneer)
<LI><a href="#[8b]">&gt;&gt;</a>&nbsp;&nbsp;&nbsp;gattc_write_cmd_ind_handler (via Veneer)
<LI><a href="#[89]">&gt;&gt;</a>&nbsp;&nbsp;&nbsp;custs1_create_db_req_handler (via Veneer)
<LI><a href="#[184]">&gt;&gt;</a>&nbsp;&nbsp;&nbsp;custs1_disable (via Veneer)
<LI><a href="#[182]">&gt;&gt;</a>&nbsp;&nbsp;&nbsp;prf_server_send_event (via Veneer)
<LI><a href="#[17f]">&gt;&gt;</a>&nbsp;&nbsp;&nbsp;prf_server_error_ind_send (via Veneer)
<LI><a href="#[85]">&gt;&gt;</a>&nbsp;&nbsp;&nbsp;diss_create_db_req_handler (via Veneer)
<LI><a href="#[17a]">&gt;&gt;</a>&nbsp;&nbsp;&nbsp;diss_disable (via Veneer)
<LI><a href="#[a8]">&gt;&gt;</a>&nbsp;&nbsp;&nbsp;app_custs1_create_db_cfm_handler (via Veneer)
<LI><a href="#[ab]">&gt;&gt;</a>&nbsp;&nbsp;&nbsp;app_custs1_enable (via Veneer)
<LI><a href="#[aa]">&gt;&gt;</a>&nbsp;&nbsp;&nbsp;app_custs1_create_db (via Veneer)
<LI><a href="#[1c8]">&gt;&gt;</a>&nbsp;&nbsp;&nbsp;app_easy_security_encrypt_cfm_create_msg (via Veneer)
<LI><a href="#[1c7]">&gt;&gt;</a>&nbsp;&nbsp;&nbsp;app_easy_security_bond_cfm_ltk_exch_create_msg (via Veneer)
<LI><a href="#[1c6]">&gt;&gt;</a>&nbsp;&nbsp;&nbsp;app_easy_security_tk_exch_create_msg (via Veneer)
<LI><a href="#[1c5]">&gt;&gt;</a>&nbsp;&nbsp;&nbsp;app_easy_security_pairing_rsp_create_msg (via Veneer)
<LI><a href="#[1c2]">&gt;&gt;</a>&nbsp;&nbsp;&nbsp;cancel_timer_handler (via Veneer)
<LI><a href="#[1c0]">&gt;&gt;</a>&nbsp;&nbsp;&nbsp;create_timer (via Veneer)
<LI><a href="#[a1]">&gt;&gt;</a>&nbsp;&nbsp;&nbsp;diss_create_db_cfm_handler (via Veneer)
<LI><a href="#[94]">&gt;&gt;</a>&nbsp;&nbsp;&nbsp;gapm_device_ready_ind_handler (via Veneer)
<LI><a href="#[1c4]">&gt;&gt;</a>&nbsp;&nbsp;&nbsp;app_easy_timer_cancel (via Veneer)
<LI><a href="#[92]">&gt;&gt;</a>&nbsp;&nbsp;&nbsp;app_diss_enable (via Veneer)
<LI><a href="#[91]">&gt;&gt;</a>&nbsp;&nbsp;&nbsp;app_diss_create_db (via Veneer)
<LI><a href="#[1b0]">&gt;&gt;</a>&nbsp;&nbsp;&nbsp;app_easy_gap_advertise_stop (via Veneer)
</UL>

<P><STRONG><a name="[e9]"></a>ke_msg_send</STRONG> (Thumb, 0 bytes, Stack size 0 bytes, rom_symdef.txt(ABSOLUTE))
<BR><BR>[Called By]<UL><LI><a href="#[129]">&gt;&gt;</a>&nbsp;&nbsp;&nbsp;my_llc_start_enc_rsp_ind (via Veneer)
<LI><a href="#[6b]">&gt;&gt;</a>&nbsp;&nbsp;&nbsp;smpc_send_pairing_req_ind (via Veneer)
<LI><a href="#[66]">&gt;&gt;</a>&nbsp;&nbsp;&nbsp;atts_read_resp_patch (via Veneer)
<LI><a href="#[6a]">&gt;&gt;</a>&nbsp;&nbsp;&nbsp;gapc_con_create_patch (via Veneer)
<LI><a href="#[1a5]">&gt;&gt;</a>&nbsp;&nbsp;&nbsp;app_easy_security_tk_exch (via Veneer)
<LI><a href="#[197]">&gt;&gt;</a>&nbsp;&nbsp;&nbsp;app_easy_security_send_pairing_rsp (via Veneer)
<LI><a href="#[19b]">&gt;&gt;</a>&nbsp;&nbsp;&nbsp;app_easy_security_ltk_exch (via Veneer)
<LI><a href="#[1a0]">&gt;&gt;</a>&nbsp;&nbsp;&nbsp;app_easy_security_encrypt_cfm (via Veneer)
<LI><a href="#[1b2]">&gt;&gt;</a>&nbsp;&nbsp;&nbsp;app_easy_gap_undirected_advertise_start (via Veneer)
<LI><a href="#[1a2]">&gt;&gt;</a>&nbsp;&nbsp;&nbsp;app_easy_gap_disconnect (via Veneer)
<LI><a href="#[19e]">&gt;&gt;</a>&nbsp;&nbsp;&nbsp;app_easy_gap_confirm (via Veneer)
<LI><a href="#[8f]">&gt;&gt;</a>&nbsp;&nbsp;&nbsp;custs1_val_ind_req_handler (via Veneer)
<LI><a href="#[8d]">&gt;&gt;</a>&nbsp;&nbsp;&nbsp;custs1_val_ntf_req_handler (via Veneer)
<LI><a href="#[8c]">&gt;&gt;</a>&nbsp;&nbsp;&nbsp;gattc_cmp_evt_handler (via Veneer)
<LI><a href="#[8b]">&gt;&gt;</a>&nbsp;&nbsp;&nbsp;gattc_write_cmd_ind_handler (via Veneer)
<LI><a href="#[89]">&gt;&gt;</a>&nbsp;&nbsp;&nbsp;custs1_create_db_req_handler (via Veneer)
<LI><a href="#[184]">&gt;&gt;</a>&nbsp;&nbsp;&nbsp;custs1_disable (via Veneer)
<LI><a href="#[182]">&gt;&gt;</a>&nbsp;&nbsp;&nbsp;prf_server_send_event (via Veneer)
<LI><a href="#[17f]">&gt;&gt;</a>&nbsp;&nbsp;&nbsp;prf_server_error_ind_send (via Veneer)
<LI><a href="#[85]">&gt;&gt;</a>&nbsp;&nbsp;&nbsp;diss_create_db_req_handler (via Veneer)
<LI><a href="#[17a]">&gt;&gt;</a>&nbsp;&nbsp;&nbsp;diss_disable (via Veneer)
<LI><a href="#[a8]">&gt;&gt;</a>&nbsp;&nbsp;&nbsp;app_custs1_create_db_cfm_handler (via Veneer)
<LI><a href="#[ab]">&gt;&gt;</a>&nbsp;&nbsp;&nbsp;app_custs1_enable (via Veneer)
<LI><a href="#[aa]">&gt;&gt;</a>&nbsp;&nbsp;&nbsp;app_custs1_create_db (via Veneer)
<LI><a href="#[1c2]">&gt;&gt;</a>&nbsp;&nbsp;&nbsp;cancel_timer_handler (via Veneer)
<LI><a href="#[1c0]">&gt;&gt;</a>&nbsp;&nbsp;&nbsp;create_timer (via Veneer)
<LI><a href="#[a1]">&gt;&gt;</a>&nbsp;&nbsp;&nbsp;diss_create_db_cfm_handler (via Veneer)
<LI><a href="#[94]">&gt;&gt;</a>&nbsp;&nbsp;&nbsp;gapm_device_ready_ind_handler (via Veneer)
<LI><a href="#[1c4]">&gt;&gt;</a>&nbsp;&nbsp;&nbsp;app_easy_timer_cancel (via Veneer)
<LI><a href="#[92]">&gt;&gt;</a>&nbsp;&nbsp;&nbsp;app_diss_enable (via Veneer)
<LI><a href="#[91]">&gt;&gt;</a>&nbsp;&nbsp;&nbsp;app_diss_create_db (via Veneer)
<LI><a href="#[1b5]">&gt;&gt;</a>&nbsp;&nbsp;&nbsp;app_easy_gap_dev_configure (via Veneer)
<LI><a href="#[1b3]">&gt;&gt;</a>&nbsp;&nbsp;&nbsp;app_easy_gap_param_update_start (via Veneer)
<LI><a href="#[1b0]">&gt;&gt;</a>&nbsp;&nbsp;&nbsp;app_easy_gap_advertise_stop (via Veneer)
</UL>

<P><STRONG><a name="[1ed]"></a>ke_msg_send_basic</STRONG> (Thumb, 0 bytes, Stack size 0 bytes, rom_symdef.txt(ABSOLUTE), UNUSED)
<BR><BR>[Called By]<UL></UL>

<P><STRONG><a name="[10c]"></a>ke_msg_free</STRONG> (Thumb, 0 bytes, Stack size 0 bytes, rom_symdef.txt(ABSOLUTE))
<BR><BR>[Called By]<UL><LI><a href="#[59]">&gt;&gt;</a>&nbsp;&nbsp;&nbsp;ke_task_schedule (via Veneer)
</UL>

<P><STRONG><a name="[e0]"></a>ke_handler_search</STRONG> (Thumb, 0 bytes, Stack size 0 bytes, rom_symdef.txt(ABSOLUTE))
<BR><BR>[Called By]<UL><LI><a href="#[82]">&gt;&gt;</a>&nbsp;&nbsp;&nbsp;gapc_rom_default_handler (via Veneer)
<LI><a href="#[77]">&gt;&gt;</a>&nbsp;&nbsp;&nbsp;llc_rom_default_handler (via Veneer)
<LI><a href="#[67]">&gt;&gt;</a>&nbsp;&nbsp;&nbsp;llm_rom_default_handler (via Veneer)
</UL>

<P><STRONG><a name="[179]"></a>ke_task_create</STRONG> (Thumb, 0 bytes, Stack size 0 bytes, rom_symdef.txt(ABSOLUTE))
<BR><BR>[Called By]<UL><LI><a href="#[dc]">&gt;&gt;</a>&nbsp;&nbsp;&nbsp;app_init (via Veneer)
<LI><a href="#[ac]">&gt;&gt;</a>&nbsp;&nbsp;&nbsp;custs1_init (via Veneer)
<LI><a href="#[177]">&gt;&gt;</a>&nbsp;&nbsp;&nbsp;diss_init (via Veneer)
</UL>

<P><STRONG><a name="[e7]"></a>ke_state_set</STRONG> (Thumb, 0 bytes, Stack size 0 bytes, rom_symdef.txt(ABSOLUTE))
<BR><BR>[Called By]<UL><LI><a href="#[83]">&gt;&gt;</a>&nbsp;&nbsp;&nbsp;my_llc_event_common_cmd_status_handler (via Veneer)
<LI><a href="#[129]">&gt;&gt;</a>&nbsp;&nbsp;&nbsp;my_llc_start_enc_rsp_ind (via Veneer)
<LI><a href="#[11e]">&gt;&gt;</a>&nbsp;&nbsp;&nbsp;my_llc_enc_req_ind (via Veneer)
<LI><a href="#[11b]">&gt;&gt;</a>&nbsp;&nbsp;&nbsp;my_llc_enc_rsp_pdu_send (via Veneer)
<LI><a href="#[79]">&gt;&gt;</a>&nbsp;&nbsp;&nbsp;my_llc_llcp_tx_cfm_handler (via Veneer)
<LI><a href="#[7e]">&gt;&gt;</a>&nbsp;&nbsp;&nbsp;my_llcp_enc_req_handler (via Veneer)
<LI><a href="#[105]">&gt;&gt;</a>&nbsp;&nbsp;&nbsp;my_llc_ch_map_req_ind (via Veneer)
<LI><a href="#[101]">&gt;&gt;</a>&nbsp;&nbsp;&nbsp;my_llc_con_update_req_ind (via Veneer)
<LI><a href="#[71]">&gt;&gt;</a>&nbsp;&nbsp;&nbsp;my_l2cc_pdu_recv_ind_handler (via Veneer)
<LI><a href="#[6d]">&gt;&gt;</a>&nbsp;&nbsp;&nbsp;smpc_pairing_cfm_handler (via Veneer)
<LI><a href="#[6f]">&gt;&gt;</a>&nbsp;&nbsp;&nbsp;patched_llc_con_update_ind (via Veneer)
<LI><a href="#[6a]">&gt;&gt;</a>&nbsp;&nbsp;&nbsp;gapc_con_create_patch (via Veneer)
<LI><a href="#[dc]">&gt;&gt;</a>&nbsp;&nbsp;&nbsp;app_init (via Veneer)
<LI><a href="#[1b2]">&gt;&gt;</a>&nbsp;&nbsp;&nbsp;app_easy_gap_undirected_advertise_start (via Veneer)
<LI><a href="#[194]">&gt;&gt;</a>&nbsp;&nbsp;&nbsp;app_db_init_start (via Veneer)
<LI><a href="#[8a]">&gt;&gt;</a>&nbsp;&nbsp;&nbsp;custs1_enable_req_handler (via Veneer)
<LI><a href="#[89]">&gt;&gt;</a>&nbsp;&nbsp;&nbsp;custs1_create_db_req_handler (via Veneer)
<LI><a href="#[184]">&gt;&gt;</a>&nbsp;&nbsp;&nbsp;custs1_disable (via Veneer)
<LI><a href="#[ac]">&gt;&gt;</a>&nbsp;&nbsp;&nbsp;custs1_init (via Veneer)
<LI><a href="#[87]">&gt;&gt;</a>&nbsp;&nbsp;&nbsp;diss_enable_req_handler (via Veneer)
<LI><a href="#[85]">&gt;&gt;</a>&nbsp;&nbsp;&nbsp;diss_create_db_req_handler (via Veneer)
<LI><a href="#[17a]">&gt;&gt;</a>&nbsp;&nbsp;&nbsp;diss_disable (via Veneer)
<LI><a href="#[177]">&gt;&gt;</a>&nbsp;&nbsp;&nbsp;diss_init (via Veneer)
<LI><a href="#[96]">&gt;&gt;</a>&nbsp;&nbsp;&nbsp;gapc_cmp_evt_handler (via Veneer)
<LI><a href="#[97]">&gt;&gt;</a>&nbsp;&nbsp;&nbsp;gapc_connection_req_ind_handler (via Veneer)
<LI><a href="#[1b3]">&gt;&gt;</a>&nbsp;&nbsp;&nbsp;app_easy_gap_param_update_start (via Veneer)
</UL>

<P><STRONG><a name="[e1]"></a>ke_state_get</STRONG> (Thumb, 0 bytes, Stack size 0 bytes, rom_symdef.txt(ABSOLUTE))
<BR><BR>[Called By]<UL><LI><a href="#[34]">&gt;&gt;</a>&nbsp;&nbsp;&nbsp;prf_cleanup_func (via Veneer)
<LI><a href="#[84]">&gt;&gt;</a>&nbsp;&nbsp;&nbsp;my_llc_discon_cmp_evt_handler (via Veneer)
<LI><a href="#[83]">&gt;&gt;</a>&nbsp;&nbsp;&nbsp;my_llc_event_common_cmd_status_handler (via Veneer)
<LI><a href="#[7c]">&gt;&gt;</a>&nbsp;&nbsp;&nbsp;my_llcp_con_up_req_handler (via Veneer)
<LI><a href="#[7a]">&gt;&gt;</a>&nbsp;&nbsp;&nbsp;my_llc_link_sup_to_ind_handler (via Veneer)
<LI><a href="#[7b]">&gt;&gt;</a>&nbsp;&nbsp;&nbsp;my_llc_llcp_rsp_to_ind_handler (via Veneer)
<LI><a href="#[7d]">&gt;&gt;</a>&nbsp;&nbsp;&nbsp;my_llcp_channel_map_req_handler (via Veneer)
<LI><a href="#[7f]">&gt;&gt;</a>&nbsp;&nbsp;&nbsp;my_llcp_start_enc_rsp_handler (via Veneer)
<LI><a href="#[79]">&gt;&gt;</a>&nbsp;&nbsp;&nbsp;my_llc_llcp_tx_cfm_handler (via Veneer)
<LI><a href="#[7e]">&gt;&gt;</a>&nbsp;&nbsp;&nbsp;my_llcp_enc_req_handler (via Veneer)
<LI><a href="#[71]">&gt;&gt;</a>&nbsp;&nbsp;&nbsp;my_l2cc_pdu_recv_ind_handler (via Veneer)
<LI><a href="#[6d]">&gt;&gt;</a>&nbsp;&nbsp;&nbsp;smpc_pairing_cfm_handler (via Veneer)
<LI><a href="#[6f]">&gt;&gt;</a>&nbsp;&nbsp;&nbsp;patched_llc_con_update_ind (via Veneer)
<LI><a href="#[6a]">&gt;&gt;</a>&nbsp;&nbsp;&nbsp;gapc_con_create_patch (via Veneer)
<LI><a href="#[68]">&gt;&gt;</a>&nbsp;&nbsp;&nbsp;my_lld_data_ind_handler (via Veneer)
<LI><a href="#[a8]">&gt;&gt;</a>&nbsp;&nbsp;&nbsp;app_custs1_create_db_cfm_handler (via Veneer)
<LI><a href="#[a1]">&gt;&gt;</a>&nbsp;&nbsp;&nbsp;diss_create_db_cfm_handler (via Veneer)
<LI><a href="#[1b8]">&gt;&gt;</a>&nbsp;&nbsp;&nbsp;user_app_disconnect (via Veneer)
<LI><a href="#[99]">&gt;&gt;</a>&nbsp;&nbsp;&nbsp;app_module_init_cmp_evt_handler (via Veneer)
<LI><a href="#[98]">&gt;&gt;</a>&nbsp;&nbsp;&nbsp;gapc_disconnect_ind_handler (via Veneer)
<LI><a href="#[96]">&gt;&gt;</a>&nbsp;&nbsp;&nbsp;gapc_cmp_evt_handler (via Veneer)
<LI><a href="#[97]">&gt;&gt;</a>&nbsp;&nbsp;&nbsp;gapc_connection_req_ind_handler (via Veneer)
<LI><a href="#[94]">&gt;&gt;</a>&nbsp;&nbsp;&nbsp;gapm_device_ready_ind_handler (via Veneer)
</UL>

<P><STRONG><a name="[10b]"></a>ke_task_handler_get</STRONG> (Thumb, 0 bytes, Stack size 0 bytes, rom_symdef.txt(ABSOLUTE))
<BR><BR>[Called By]<UL><LI><a href="#[59]">&gt;&gt;</a>&nbsp;&nbsp;&nbsp;ke_task_schedule (via Veneer)
</UL>

<P><STRONG><a name="[30]"></a>ke_timer_init_func</STRONG> (Thumb, 0 bytes, Stack size 0 bytes, rom_symdef.txt(ABSOLUTE), UNUSED)
<BR>[Address Reference Count : 1]<UL><LI> jump_table.o(jump_table_mem_area)
</UL>
<P><STRONG><a name="[122]"></a>ke_timer_set</STRONG> (Thumb, 0 bytes, Stack size 0 bytes, rom_symdef.txt(ABSOLUTE))
<BR><BR>[Called By]<UL><LI><a href="#[129]">&gt;&gt;</a>&nbsp;&nbsp;&nbsp;my_llc_start_enc_rsp_ind (via Veneer)
<LI><a href="#[11e]">&gt;&gt;</a>&nbsp;&nbsp;&nbsp;my_llc_enc_req_ind (via Veneer)
<LI><a href="#[6f]">&gt;&gt;</a>&nbsp;&nbsp;&nbsp;patched_llc_con_update_ind (via Veneer)
<LI><a href="#[1c0]">&gt;&gt;</a>&nbsp;&nbsp;&nbsp;create_timer (via Veneer)
<LI><a href="#[a4]">&gt;&gt;</a>&nbsp;&nbsp;&nbsp;app_timer_api_process_handler (via Veneer)
</UL>

<P><STRONG><a name="[ea]"></a>ke_timer_clear</STRONG> (Thumb, 0 bytes, Stack size 0 bytes, rom_symdef.txt(ABSOLUTE))
<BR><BR>[Called By]<UL><LI><a href="#[129]">&gt;&gt;</a>&nbsp;&nbsp;&nbsp;my_llc_start_enc_rsp_ind (via Veneer)
<LI><a href="#[7e]">&gt;&gt;</a>&nbsp;&nbsp;&nbsp;my_llcp_enc_req_handler (via Veneer)
<LI><a href="#[71]">&gt;&gt;</a>&nbsp;&nbsp;&nbsp;my_l2cc_pdu_recv_ind_handler (via Veneer)
<LI><a href="#[1c4]">&gt;&gt;</a>&nbsp;&nbsp;&nbsp;app_easy_timer_cancel (via Veneer)
</UL>

<P><STRONG><a name="[16e]"></a>ke_timer_sleep_check</STRONG> (Thumb, 0 bytes, Stack size 0 bytes, rom_symdef.txt(ABSOLUTE))
<BR><BR>[Called By]<UL><LI><a href="#[ba]">&gt;&gt;</a>&nbsp;&nbsp;&nbsp;rwip_sleep (via Veneer)
</UL>

<P><STRONG><a name="[1aa]"></a>nvds_get</STRONG> (Thumb, 0 bytes, Stack size 0 bytes, rom_symdef.txt(ABSOLUTE))
<BR><BR>[Called By]<UL><LI><a href="#[1ac]">&gt;&gt;</a>&nbsp;&nbsp;&nbsp;app_easy_gap_undirected_advertise_start_create_msg (via Veneer)
<LI><a href="#[1a8]">&gt;&gt;</a>&nbsp;&nbsp;&nbsp;app_easy_gap_adv_read_from_NVDS (via Veneer)
</UL>

<P><STRONG><a name="[b3]"></a>nvds_get_func</STRONG> (Thumb, 0 bytes, Stack size 0 bytes, rom_symdef.txt(ABSOLUTE))
<BR><BR>[Called By]<UL><LI><a href="#[32]">&gt;&gt;</a>&nbsp;&nbsp;&nbsp;custom_nvds_get_func (via Veneer)
</UL>

<P><STRONG><a name="[d2]"></a>nvds_init</STRONG> (Thumb, 0 bytes, Stack size 0 bytes, rom_symdef.txt(ABSOLUTE))
<BR><BR>[Called By]<UL><LI><a href="#[b4]">&gt;&gt;</a>&nbsp;&nbsp;&nbsp;system_init (via Veneer)
</UL>

<P><STRONG><a name="[171]"></a>ble_regs_push</STRONG> (Thumb, 0 bytes, Stack size 0 bytes, rom_symdef.txt(ABSOLUTE))
<BR><BR>[Called By]<UL><LI><a href="#[ba]">&gt;&gt;</a>&nbsp;&nbsp;&nbsp;rwip_sleep (via Veneer)
</UL>

<P><STRONG><a name="[15e]"></a>ble_regs_pop</STRONG> (Thumb, 0 bytes, Stack size 0 bytes, rom_symdef.txt(ABSOLUTE))
<BR><BR>[Called By]<UL><LI><a href="#[15d]">&gt;&gt;</a>&nbsp;&nbsp;&nbsp;power_up (via Veneer)
</UL>

<P><STRONG><a name="[162]"></a>rf_reinit</STRONG> (Thumb, 0 bytes, Stack size 0 bytes, rom_symdef.txt(ABSOLUTE))
<BR><BR>[Called By]<UL><LI><a href="#[a]">&gt;&gt;</a>&nbsp;&nbsp;&nbsp;BLE_SLP_Handler (via Veneer)
</UL>

<P><STRONG><a name="[d7]"></a>rwip_init</STRONG> (Thumb, 0 bytes, Stack size 0 bytes, rom_symdef.txt(ABSOLUTE))
<BR><BR>[Called By]<UL><LI><a href="#[b4]">&gt;&gt;</a>&nbsp;&nbsp;&nbsp;system_init (via Veneer)
</UL>

<P><STRONG><a name="[b7]"></a>rwip_prevent_sleep_get</STRONG> (Thumb, 0 bytes, Stack size 0 bytes, rom_symdef.txt(ABSOLUTE))
<BR><BR>[Called By]<UL><LI><a href="#[ba]">&gt;&gt;</a>&nbsp;&nbsp;&nbsp;rwip_sleep (via Veneer)
<LI><a href="#[1e]">&gt;&gt;</a>&nbsp;&nbsp;&nbsp;main_func (via Veneer)
<LI><a href="#[1bf]">&gt;&gt;</a>&nbsp;&nbsp;&nbsp;app_check_BLE_active (via Veneer)
</UL>

<P><STRONG><a name="[b9]"></a>rwip_schedule</STRONG> (Thumb, 0 bytes, Stack size 0 bytes, rom_symdef.txt(ABSOLUTE))
<BR><BR>[Called By]<UL><LI><a href="#[1e]">&gt;&gt;</a>&nbsp;&nbsp;&nbsp;main_func (via Veneer)
</UL>

<P><STRONG><a name="[160]"></a>rwip_wakeup</STRONG> (Thumb, 0 bytes, Stack size 0 bytes, rom_symdef.txt(ABSOLUTE))
<BR><BR>[Called By]<UL><LI><a href="#[a]">&gt;&gt;</a>&nbsp;&nbsp;&nbsp;BLE_SLP_Handler (via Veneer)
</UL>

<P><STRONG><a name="[c5]"></a>rwip_wakeup_delay_set</STRONG> (Thumb, 0 bytes, Stack size 0 bytes, rom_symdef.txt(ABSOLUTE))
<BR><BR>[Called By]<UL><LI><a href="#[c4]">&gt;&gt;</a>&nbsp;&nbsp;&nbsp;set_sleep_delay (via Veneer)
</UL>

<P><STRONG><a name="[8]"></a>BLE_GROSSTGTIM_Handler</STRONG> (Thumb, 0 bytes, Stack size 0 bytes, rom_symdef.txt(ABSOLUTE), UNUSED)
<BR>[Address Reference Count : 1]<UL><LI> boot_vectors.o(RESET)
</UL>
<P><STRONG><a name="[163]"></a>$Super$$BLE_CSCNT_Handler</STRONG> (Thumb, 0 bytes, Stack size 0 bytes, rom_symdef.txt(ABSOLUTE))
<BR><BR>[Called By]<UL><LI><a href="#[9]">&gt;&gt;</a>&nbsp;&nbsp;&nbsp;BLE_CSCNT_Handler (via Veneer)
</UL>

<P><STRONG><a name="[b]"></a>BLE_ERROR_Handler</STRONG> (Thumb, 0 bytes, Stack size 0 bytes, rom_symdef.txt(ABSOLUTE), UNUSED)
<BR>[Address Reference Count : 1]<UL><LI> boot_vectors.o(RESET)
</UL>
<P><STRONG><a name="[11]"></a>BLE_CRYPT_Handler</STRONG> (Thumb, 0 bytes, Stack size 0 bytes, rom_symdef.txt(ABSOLUTE), UNUSED)
<BR>[Address Reference Count : 1]<UL><LI> boot_vectors.o(RESET)
</UL>
<P><STRONG><a name="[bc]"></a>func_check_mem</STRONG> (Thumb, 0 bytes, Stack size 0 bytes, rom_symdef.txt(ABSOLUTE))
<BR><BR>[Called By]<UL><LI><a href="#[bb]">&gt;&gt;</a>&nbsp;&nbsp;&nbsp;arch_goto_sleep (via Veneer)
</UL>

<P><STRONG><a name="[bd]"></a>test_rxdone</STRONG> (Thumb, 0 bytes, Stack size 0 bytes, rom_symdef.txt(ABSOLUTE))
<BR><BR>[Called By]<UL><LI><a href="#[bb]">&gt;&gt;</a>&nbsp;&nbsp;&nbsp;arch_goto_sleep (via Veneer)
</UL>

<P><STRONG><a name="[103]"></a>__aeabi_uidivmod</STRONG> (Thumb, 0 bytes, Stack size 0 bytes, rom_symdef.txt(ABSOLUTE))
<BR><BR>[Called By]<UL><LI><a href="#[28]">&gt;&gt;</a>&nbsp;&nbsp;&nbsp;lld_sleep_compensate_func_patched (via Veneer)
<LI><a href="#[ba]">&gt;&gt;</a>&nbsp;&nbsp;&nbsp;rwip_sleep (via Veneer)
<LI><a href="#[156]">&gt;&gt;</a>&nbsp;&nbsp;&nbsp;spi_flash_write_data (via Veneer)
<LI><a href="#[101]">&gt;&gt;</a>&nbsp;&nbsp;&nbsp;my_llc_con_update_req_ind (via Veneer)
<LI><a href="#[1ce]">&gt;&gt;</a>&nbsp;&nbsp;&nbsp;bond_db_store (via Veneer)
</UL>

<P><STRONG><a name="[1ba]"></a>__aeabi_idivmod</STRONG> (Thumb, 0 bytes, Stack size 0 bytes, rom_symdef.txt(ABSOLUTE))
<BR><BR>[Called By]<UL><LI><a href="#[1a4]">&gt;&gt;</a>&nbsp;&nbsp;&nbsp;app_sec_gen_tk (via Veneer)
</UL>

<P><STRONG><a name="[11c]"></a>rand</STRONG> (Thumb, 0 bytes, Stack size 0 bytes, rom_symdef.txt(ABSOLUTE))
<BR><BR>[Called By]<UL><LI><a href="#[11b]">&gt;&gt;</a>&nbsp;&nbsp;&nbsp;my_llc_enc_rsp_pdu_send (via Veneer)
<LI><a href="#[1a4]">&gt;&gt;</a>&nbsp;&nbsp;&nbsp;app_sec_gen_tk (via Veneer)
<LI><a href="#[199]">&gt;&gt;</a>&nbsp;&nbsp;&nbsp;app_sec_gen_ltk (via Veneer)
</UL>

<P><STRONG><a name="[cf]"></a>srand</STRONG> (Thumb, 0 bytes, Stack size 0 bytes, rom_symdef.txt(ABSOLUTE))
<BR><BR>[Called By]<UL><LI><a href="#[b4]">&gt;&gt;</a>&nbsp;&nbsp;&nbsp;system_init (via Veneer)
<LI><a href="#[cd]">&gt;&gt;</a>&nbsp;&nbsp;&nbsp;init_rand_seed_from_trng (via Veneer)
</UL>

<P><STRONG><a name="[b2]"></a>__aeabi_memcpy</STRONG> (Thumb, 0 bytes, Stack size 0 bytes, rom_symdef.txt(ABSOLUTE))
<BR><BR>[Called By]<UL><LI><a href="#[1f]">&gt;&gt;</a>&nbsp;&nbsp;&nbsp;rf_init_func (via Veneer)
<LI><a href="#[ae]">&gt;&gt;</a>&nbsp;&nbsp;&nbsp;nvds_read_bdaddr_from_otp (via Veneer)
<LI><a href="#[32]">&gt;&gt;</a>&nbsp;&nbsp;&nbsp;custom_nvds_get_func (via Veneer)
<LI><a href="#[11e]">&gt;&gt;</a>&nbsp;&nbsp;&nbsp;my_llc_enc_req_ind (via Veneer)
<LI><a href="#[11b]">&gt;&gt;</a>&nbsp;&nbsp;&nbsp;my_llc_enc_rsp_pdu_send (via Veneer)
<LI><a href="#[105]">&gt;&gt;</a>&nbsp;&nbsp;&nbsp;my_llc_ch_map_req_ind (via Veneer)
<LI><a href="#[f8]">&gt;&gt;</a>&nbsp;&nbsp;&nbsp;dg_atts_read_cfm (via Veneer)
<LI><a href="#[6d]">&gt;&gt;</a>&nbsp;&nbsp;&nbsp;smpc_pairing_cfm_handler (via Veneer)
<LI><a href="#[6a]">&gt;&gt;</a>&nbsp;&nbsp;&nbsp;gapc_con_create_patch (via Veneer)
<LI><a href="#[1ad]">&gt;&gt;</a>&nbsp;&nbsp;&nbsp;app_easy_gap_place_name_ad_struct (via Veneer)
<LI><a href="#[1af]">&gt;&gt;</a>&nbsp;&nbsp;&nbsp;app_easy_gap_dev_config_create_msg (via Veneer)
<LI><a href="#[1a8]">&gt;&gt;</a>&nbsp;&nbsp;&nbsp;app_easy_gap_adv_read_from_NVDS (via Veneer)
<LI><a href="#[192]">&gt;&gt;</a>&nbsp;&nbsp;&nbsp;user_app_adv_start (via Veneer)
<LI><a href="#[1a5]">&gt;&gt;</a>&nbsp;&nbsp;&nbsp;app_easy_security_tk_exch (via Veneer)
<LI><a href="#[19a]">&gt;&gt;</a>&nbsp;&nbsp;&nbsp;app_easy_security_set_ltk_exch_from_sec_env (via Veneer)
<LI><a href="#[19f]">&gt;&gt;</a>&nbsp;&nbsp;&nbsp;app_easy_security_set_encrypt_req_valid (via Veneer)
<LI><a href="#[8b]">&gt;&gt;</a>&nbsp;&nbsp;&nbsp;gattc_write_cmd_ind_handler (via Veneer)
<LI><a href="#[172]">&gt;&gt;</a>&nbsp;&nbsp;&nbsp;attm_svc_create_db_128 (via Veneer)
<LI><a href="#[1ce]">&gt;&gt;</a>&nbsp;&nbsp;&nbsp;bond_db_store (via Veneer)
[...]
<LI><a href="#[18a]">&gt;&gt;</a>&nbsp;&nbsp;&nbsp;attmdb_att_get_value (via Veneer)
<LI><a href="#[181]">&gt;&gt;</a>&nbsp;&nbsp;&nbsp;gapc_get_conhdl (via Veneer)
<LI><a href="#[182]">&gt;&gt;</a>&nbsp;&nbsp;&nbsp;prf_server_send_event
<LI><a href="#[175]">&gt;&gt;</a>&nbsp;&nbsp;&nbsp;attmdb_att_set_value (via Veneer)
</UL>
<BR>[Address Reference Count : 1]<UL><LI> custs1_task.o(.constdata)
</UL>
<P><STRONG><a name="[90]"></a>gapc_disconnect_ind_handler</STRONG> (Thumb, 22 bytes, Stack size 8 bytes, custs1_task.o(.text))
<BR><BR>[Stack]<UL><LI>Max Depth = 24<LI>Call Chain = gapc_disconnect_ind_handler &rArr; custs1_disable
</UL>
<BR>[Calls]<UL><LI><a href="#[184]">&gt;&gt;</a>&nbsp;&nbsp;&nbsp;custs1_disable
</UL>
<BR>[Address Reference Count : 1]<UL><LI> custs1_task.o(.constdata)
</UL>
<P><STRONG><a name="[1a6]"></a>app_task_in_user_app</STRONG> (Thumb, 32 bytes, Stack size 0 bytes, app.o(.text))
<BR><BR>[Called By]<UL><LI><a href="#[1a7]">&gt;&gt;</a>&nbsp;&nbsp;&nbsp;app_db_init_next
<LI><a href="#[191]">&gt;&gt;</a>&nbsp;&nbsp;&nbsp;app_prf_enable
</UL>

<P><STRONG><a name="[1a7]"></a>app_db_init_next</STRONG> (Thumb, 164 bytes, Stack size 16 bytes, app.o(.text))
<BR><BR>[Stack]<UL><LI>Max Depth = 16<LI>Call Chain = app_db_init_next
</UL>
<BR>[Calls]<UL><LI><a href="#[1a6]">&gt;&gt;</a>&nbsp;&nbsp;&nbsp;app_task_in_user_app
</UL>
<BR>[Called By]<UL><LI><a href="#[194]">&gt;&gt;</a>&nbsp;&nbsp;&nbsp;app_db_init_start
<LI><a href="#[1b4]">&gt;&gt;</a>&nbsp;&nbsp;&nbsp;app_db_init
</UL>

<P><STRONG><a name="[1a8]"></a>app_easy_gap_adv_read_from_NVDS</STRONG> (Thumb, 78 bytes, Stack size 40 bytes, app.o(.text))
<BR><BR>[Stack]<UL><LI>Max Depth = 60<LI>Call Chain = app_easy_gap_adv_read_from_NVDS &rArr; malloc
</UL>
<BR>[Calls]<UL><LI><a href="#[b2]">&gt;&gt;</a>&nbsp;&nbsp;&nbsp;__aeabi_memcpy (via Veneer)
<LI><a href="#[1aa]">&gt;&gt;</a>&nbsp;&nbsp;&nbsp;nvds_get (via Veneer)
<LI><a href="#[1a9]">&gt;&gt;</a>&nbsp;&nbsp;&nbsp;malloc
<LI><a href="#[1ab]">&gt;&gt;</a>&nbsp;&nbsp;&nbsp;free
</UL>
<BR>[Called By]<UL><LI><a href="#[1ac]">&gt;&gt;</a>&nbsp;&nbsp;&nbsp;app_easy_gap_undirected_advertise_start_create_msg
</UL>

<P><STRONG><a name="[1ac]"></a>app_easy_gap_undirected_advertise_start_create_msg</STRONG> (Thumb, 208 bytes, Stack size 120 bytes, app.o(.text))
<BR><BR>[Stack]<UL><LI>Max Depth = 180<LI>Call Chain = app_easy_gap_undirected_advertise_start_create_msg &rArr; app_easy_gap_adv_read_from_NVDS &rArr; malloc
</UL>
<BR>[Calls]<UL><LI><a href="#[e8]">&gt;&gt;</a>&nbsp;&nbsp;&nbsp;ke_msg_alloc (via Veneer)
<LI><a href="#[1ad]">&gt;&gt;</a>&nbsp;&nbsp;&nbsp;app_easy_gap_place_name_ad_struct
<LI><a href="#[1a8]">&gt;&gt;</a>&nbsp;&nbsp;&nbsp;app_easy_gap_adv_read_from_NVDS
<LI><a href="#[1aa]">&gt;&gt;</a>&nbsp;&nbsp;&nbsp;nvds_get (via Veneer)
</UL>
<BR>[Called By]<UL><LI><a href="#[1b2]">&gt;&gt;</a>&nbsp;&nbsp;&nbsp;app_easy_gap_undirected_advertise_start
<LI><a href="#[1b1]">&gt;&gt;</a>&nbsp;&nbsp;&nbsp;app_easy_gap_undirected_advertise_get_active
</UL>

<P><STRONG><a name="[1ae]"></a>app_easy_gap_param_update_msg_create</STRONG> (Thumb, 62 bytes, Stack size 16 bytes, app.o(.text))
<BR><BR>[Stack]<UL><LI>Max Depth = 16<LI>Call Chain = app_easy_gap_param_update_msg_create
</UL>
<BR>[Calls]<UL><LI><a href="#[e8]">&gt;&gt;</a>&nbsp;&nbsp;&nbsp;ke_msg_alloc (via Veneer)
</UL>
<BR>[Called By]<UL><LI><a href="#[1b3]">&gt;&gt;</a>&nbsp;&nbsp;&nbsp;app_easy_gap_param_update_start
</UL>

<P><STRONG><a name="[1af]"></a>app_easy_gap_dev_config_create_msg</STRONG> (Thumb, 82 bytes, Stack size 16 bytes, app.o(.text))
<BR><BR>[Stack]<UL><LI>Max Depth = 16<LI>Call Chain = app_easy_gap_dev_config_create_msg
</UL>
<BR>[Calls]<UL><LI><a href="#[b2]">&gt;&gt;</a>&nbsp;&nbsp;&nbsp;__aeabi_memcpy (via Veneer)
<LI><a href="#[e8]">&gt;&gt;</a>&nbsp;&nbsp;&nbsp;ke_msg_alloc (via Veneer)
</UL>
<BR>[Called By]<UL><LI><a href="#[1b5]">&gt;&gt;</a>&nbsp;&nbsp;&nbsp;app_easy_gap_dev_configure
</UL>

<P><STRONG><a name="[1ad]"></a>app_easy_gap_place_name_ad_struct</STRONG> (Thumb, 36 bytes, Stack size 16 bytes, app.o(.text))
<BR><BR>[Stack]<UL><LI>Max Depth = 16<LI>Call Chain = app_easy_gap_place_name_ad_struct
</UL>
<BR>[Calls]<UL><LI><a href="#[b2]">&gt;&gt;</a>&nbsp;&nbsp;&nbsp;__aeabi_memcpy (via Veneer)
</UL>
<BR>[Called By]<UL><LI><a href="#[1ac]">&gt;&gt;</a>&nbsp;&nbsp;&nbsp;app_easy_gap_undirected_advertise_start_create_msg
</UL>

<P><STRONG><a name="[94]"></a>gapm_device_ready_ind_handler</STRONG> (Thumb, 36 bytes, Stack size 8 bytes, app_task.o(.text))
<BR><BR>[Stack]<UL><LI>Max Depth = 8<LI>Call Chain = gapm_device_ready_ind_handler
</UL>
<BR>[Calls]<UL><LI><a href="#[e1]">&gt;&gt;</a>&nbsp;&nbsp;&nbsp;ke_state_get (via Veneer)
<LI><a href="#[e9]">&gt;&gt;</a>&nbsp;&nbsp;&nbsp;ke_msg_send (via Veneer)
<LI><a href="#[e8]">&gt;&gt;</a>&nbsp;&nbsp;&nbsp;ke_msg_alloc (via Veneer)
</UL>
<BR>[Address Reference Count : 1]<UL><LI> app_task.o(.constdata)
</UL>
<P><STRONG><a name="[95]"></a>gapm_cmp_evt_handler</STRONG> (Thumb, 90 bytes, Stack size 16 bytes, app_task.o(.text))
<BR><BR>[Stack]<UL><LI>Max Depth = 228<LI>Call Chain = gapm_cmp_evt_handler &rArr; default_app_on_set_dev_config_complete &rArr; user_app_adv_start &rArr; app_easy_gap_undirected_advertise_start &rArr; app_easy_gap_undirected_advertise_start_create_msg &rArr; app_easy_gap_adv_read_from_NVDS &rArr; malloc
</UL>
<BR>[Calls]<UL><LI><a href="#[193]">&gt;&gt;</a>&nbsp;&nbsp;&nbsp;default_app_on_set_dev_config_complete
<LI><a href="#[1b6]">&gt;&gt;</a>&nbsp;&nbsp;&nbsp;user_app_adv_undirect_complete
<LI><a href="#[1b5]">&gt;&gt;</a>&nbsp;&nbsp;&nbsp;app_easy_gap_dev_configure
</UL>
<BR>[Address Reference Count : 1]<UL><LI> app_task.o(.constdata)
</UL>
<P><STRONG><a name="[97]"></a>gapc_connection_req_ind_handler</STRONG> (Thumb, 104 bytes, Stack size 24 bytes, app_task.o(.text))
<BR><BR>[Stack]<UL><LI>Max Depth = 252<LI>Call Chain = gapc_connection_req_ind_handler &rArr; user_app_connection &rArr; default_app_on_connection &rArr; user_app_adv_start &rArr; app_easy_gap_undirected_advertise_start &rArr; app_easy_gap_undirected_advertise_start_create_msg &rArr; app_easy_gap_adv_read_from_NVDS &rArr; malloc
</UL>
<BR>[Calls]<UL><LI><a href="#[b2]">&gt;&gt;</a>&nbsp;&nbsp;&nbsp;__aeabi_memcpy (via Veneer)
<LI><a href="#[e7]">&gt;&gt;</a>&nbsp;&nbsp;&nbsp;ke_state_set (via Veneer)
<LI><a href="#[e1]">&gt;&gt;</a>&nbsp;&nbsp;&nbsp;ke_state_get (via Veneer)
<LI><a href="#[19e]">&gt;&gt;</a>&nbsp;&nbsp;&nbsp;app_easy_gap_confirm
<LI><a href="#[1b7]">&gt;&gt;</a>&nbsp;&nbsp;&nbsp;user_app_connection
</UL>
<BR>[Address Reference Count : 1]<UL><LI> app_task.o(.constdata)
</UL>
<P><STRONG><a name="[96]"></a>gapc_cmp_evt_handler</STRONG> (Thumb, 56 bytes, Stack size 16 bytes, app_task.o(.text))
<BR><BR>[Stack]<UL><LI>Max Depth = 16<LI>Call Chain = gapc_cmp_evt_handler
</UL>
<BR>[Calls]<UL><LI><a href="#[e7]">&gt;&gt;</a>&nbsp;&nbsp;&nbsp;ke_state_set (via Veneer)
<LI><a href="#[e1]">&gt;&gt;</a>&nbsp;&nbsp;&nbsp;ke_state_get (via Veneer)
</UL>
<BR>[Address Reference Count : 1]<UL><LI> app_task.o(.constdata)
</UL>
<P><STRONG><a name="[98]"></a>gapc_disconnect_ind_handler</STRONG> (Thumb, 32 bytes, Stack size 8 bytes, app_task.o(.text))
<BR><BR>[Stack]<UL><LI>Max Depth = 220<LI>Call Chain = gapc_disconnect_ind_handler &rArr; user_app_disconnect &rArr; user_app_adv_start &rArr; app_easy_gap_undirected_advertise_start &rArr; app_easy_gap_undirected_advertise_start_create_msg &rArr; app_easy_gap_adv_read_from_NVDS &rArr; malloc
</UL>
<BR>[Calls]<UL><LI><a href="#[e1]">&gt;&gt;</a>&nbsp;&nbsp;&nbsp;ke_state_get (via Veneer)
<LI><a href="#[1b8]">&gt;&gt;</a>&nbsp;&nbsp;&nbsp;user_app_disconnect
</UL>
<BR>[Address Reference Count : 1]<UL><LI> app_task.o(.constdata)
</UL>
<P><STRONG><a name="[99]"></a>app_module_init_cmp_evt_handler</STRONG> (Thumb, 36 bytes, Stack size 8 bytes, app_task.o(.text))
<BR><BR>[Stack]<UL><LI>Max Depth = 220<LI>Call Chain = app_module_init_cmp_evt_handler &rArr; default_app_on_db_init_complete &rArr; user_app_adv_start &rArr; app_easy_gap_undirected_advertise_start &rArr; app_easy_gap_undirected_advertise_start_create_msg &rArr; app_easy_gap_adv_read_from_NVDS &rArr; malloc
</UL>
<BR>[Calls]<UL><LI><a href="#[e1]">&gt;&gt;</a>&nbsp;&nbsp;&nbsp;ke_state_get (via Veneer)
<LI><a href="#[195]">&gt;&gt;</a>&nbsp;&nbsp;&nbsp;default_app_on_db_init_complete
<LI><a href="#[1b4]">&gt;&gt;</a>&nbsp;&nbsp;&nbsp;app_db_init
</UL>
<BR>[Address Reference Count : 1]<UL><LI> app_task.o(.constdata)
</UL>
<P><STRONG><a name="[9a]"></a>gapm_adv_report_ind_handler</STRONG> (Thumb, 4 bytes, Stack size 0 bytes, app_task.o(.text))
<BR>[Address Reference Count : 1]<UL><LI> app_task.o(.constdata)
</UL>
<P><STRONG><a name="[9b]"></a>gapc_security_ind_handler</STRONG> (Thumb, 4 bytes, Stack size 0 bytes, app_task.o(.text))
<BR>[Address Reference Count : 1]<UL><LI> app_task.o(.constdata)
</UL>
<P><STRONG><a name="[9d]"></a>gapc_bond_req_ind_handler</STRONG> (Thumb, 52 bytes, Stack size 8 bytes, app_security_task.o(.text))
<BR><BR>[Stack]<UL><LI>Max Depth = 80<LI>Call Chain = gapc_bond_req_ind_handler &rArr; user_app_on_tk_exch_nomitm &rArr; default_app_on_tk_exch_nomitm &rArr; app_easy_security_tk_exch &rArr; app_easy_security_tk_exch_create_msg
</UL>
<BR>[Calls]<UL><LI><a href="#[198]">&gt;&gt;</a>&nbsp;&nbsp;&nbsp;default_app_on_ltk_exch
<LI><a href="#[196]">&gt;&gt;</a>&nbsp;&nbsp;&nbsp;default_app_on_pairing_request
<LI><a href="#[1bb]">&gt;&gt;</a>&nbsp;&nbsp;&nbsp;user_app_on_tk_exch_nomitm
<LI><a href="#[e2]">&gt;&gt;</a>&nbsp;&nbsp;&nbsp;__ARM_common_switch8 (via Veneer)
</UL>
<BR>[Address Reference Count : 1]<UL><LI> app_security_task.o(.constdata)
</UL>
<P><STRONG><a name="[9e]"></a>gapc_bond_ind_handler</STRONG> (Thumb, 116 bytes, Stack size 24 bytes, app_security_task.o(.text))
<BR><BR>[Stack]<UL><LI>Max Depth = 304<LI>Call Chain = gapc_bond_ind_handler &rArr; user_app_on_pairing_succeeded &rArr; bond_db_store &rArr; bond_db_store_ext &rArr; spi_flash_write_data &rArr; spi_flash_page_program &rArr; spi_flash_set_write_enable &rArr; spi_flash_wait_till_ready &rArr; spi_flash_read_status_reg &rArr; spi_transaction &rArr; spi_cs_low &rArr; GPIO_SetInactive
</UL>
<BR>[Calls]<UL><LI><a href="#[b2]">&gt;&gt;</a>&nbsp;&nbsp;&nbsp;__aeabi_memcpy (via Veneer)
<LI><a href="#[1a2]">&gt;&gt;</a>&nbsp;&nbsp;&nbsp;app_easy_gap_disconnect
<LI><a href="#[1bc]">&gt;&gt;</a>&nbsp;&nbsp;&nbsp;user_app_on_pairing_succeeded
</UL>
<BR>[Address Reference Count : 1]<UL><LI> app_security_task.o(.constdata)
</UL>
<P><STRONG><a name="[9f]"></a>gapc_encrypt_req_ind_handler</STRONG> (Thumb, 12 bytes, Stack size 8 bytes, app_security_task.o(.text))
<BR><BR>[Stack]<UL><LI>Max Depth = 48<LI>Call Chain = gapc_encrypt_req_ind_handler &rArr; user_app_on_encrypt_req_ind &rArr; default_app_on_encrypt_req_ind &rArr; app_easy_security_set_encrypt_req_valid &rArr; app_easy_security_encrypt_cfm_create_msg
</UL>
<BR>[Calls]<UL><LI><a href="#[1bd]">&gt;&gt;</a>&nbsp;&nbsp;&nbsp;user_app_on_encrypt_req_ind
</UL>
<BR>[Address Reference Count : 1]<UL><LI> app_security_task.o(.constdata)
</UL>
<P><STRONG><a name="[a0]"></a>gapc_encrypt_ind_handler</STRONG> (Thumb, 4 bytes, Stack size 0 bytes, app_security_task.o(.text))
<BR>[Address Reference Count : 1]<UL><LI> app_security_task.o(.constdata)
</UL>
<P><STRONG><a name="[a1]"></a>diss_create_db_cfm_handler</STRONG> (Thumb, 286 bytes, Stack size 32 bytes, app_diss_task.o(.text))
<BR><BR>[Stack]<UL><LI>Max Depth = 32<LI>Call Chain = diss_create_db_cfm_handler
</UL>
<BR>[Calls]<UL><LI><a href="#[b2]">&gt;&gt;</a>&nbsp;&nbsp;&nbsp;__aeabi_memcpy (via Veneer)
<LI><a href="#[e1]">&gt;&gt;</a>&nbsp;&nbsp;&nbsp;ke_state_get (via Veneer)
<LI><a href="#[e9]">&gt;&gt;</a>&nbsp;&nbsp;&nbsp;ke_msg_send (via Veneer)
<LI><a href="#[e8]">&gt;&gt;</a>&nbsp;&nbsp;&nbsp;ke_msg_alloc (via Veneer)
</UL>
<BR>[Address Reference Count : 1]<UL><LI> app_diss_task.o(.constdata)
</UL>
<P><STRONG><a name="[a2]"></a>diss_disable_ind_handler</STRONG> (Thumb, 4 bytes, Stack size 0 bytes, app_diss_task.o(.text))
<BR>[Address Reference Count : 1]<UL><LI> app_diss_task.o(.constdata)
</UL>
<P><STRONG><a name="[1c0]"></a>create_timer</STRONG> (Thumb, 58 bytes, Stack size 16 bytes, app_easy_timer.o(.text))
<BR><BR>[Stack]<UL><LI>Max Depth = 24<LI>Call Chain = create_timer &rArr; app_check_BLE_active
</UL>
<BR>[Calls]<UL><LI><a href="#[1c1]">&gt;&gt;</a>&nbsp;&nbsp;&nbsp;arch_ble_force_wakeup
<LI><a href="#[122]">&gt;&gt;</a>&nbsp;&nbsp;&nbsp;ke_timer_set (via Veneer)
<LI><a href="#[e9]">&gt;&gt;</a>&nbsp;&nbsp;&nbsp;ke_msg_send (via Veneer)
<LI><a href="#[e8]">&gt;&gt;</a>&nbsp;&nbsp;&nbsp;ke_msg_alloc (via Veneer)
<LI><a href="#[1bf]">&gt;&gt;</a>&nbsp;&nbsp;&nbsp;app_check_BLE_active
</UL>
<BR>[Called By]<UL><LI><a href="#[a4]">&gt;&gt;</a>&nbsp;&nbsp;&nbsp;app_timer_api_process_handler
<LI><a href="#[1c3]">&gt;&gt;</a>&nbsp;&nbsp;&nbsp;app_easy_timer
</UL>

<P><STRONG><a name="[63]"></a>timer_canceled_handler</STRONG> (Thumb, 2 bytes, Stack size 0 bytes, app_easy_timer.o(.text))
<BR>[Address Reference Count : 1]<UL><LI> app_easy_timer.o(.text)
</UL>
<P><STRONG><a name="[62]"></a>timer_modified_handler</STRONG> (Thumb, 2 bytes, Stack size 0 bytes, app_easy_timer.o(.text))
<BR>[Address Reference Count : 1]<UL><LI> app_easy_timer.o(.text)
</UL>
<P><STRONG><a name="[1c2]"></a>cancel_timer_handler</STRONG> (Thumb, 82 bytes, Stack size 8 bytes, app_easy_timer.o(.text))
<BR><BR>[Stack]<UL><LI>Max Depth = 8<LI>Call Chain = cancel_timer_handler
</UL>
<BR>[Calls]<UL><LI><a href="#[e9]">&gt;&gt;</a>&nbsp;&nbsp;&nbsp;ke_msg_send (via Veneer)
<LI><a href="#[e8]">&gt;&gt;</a>&nbsp;&nbsp;&nbsp;ke_msg_alloc (via Veneer)
</UL>
<BR>[Called By]<UL><LI><a href="#[a4]">&gt;&gt;</a>&nbsp;&nbsp;&nbsp;app_timer_api_process_handler
</UL>

<P><STRONG><a name="[1c5]"></a>app_easy_security_pairing_rsp_create_msg</STRONG> (Thumb, 58 bytes, Stack size 16 bytes, app_easy_security.o(.text))
<BR><BR>[Stack]<UL><LI>Max Depth = 16<LI>Call Chain = app_easy_security_pairing_rsp_create_msg
</UL>
<BR>[Calls]<UL><LI><a href="#[e8]">&gt;&gt;</a>&nbsp;&nbsp;&nbsp;ke_msg_alloc (via Veneer)
</UL>
<BR>[Called By]<UL><LI><a href="#[197]">&gt;&gt;</a>&nbsp;&nbsp;&nbsp;app_easy_security_send_pairing_rsp
</UL>

<P><STRONG><a name="[1c6]"></a>app_easy_security_tk_exch_create_msg</STRONG> (Thumb, 44 bytes, Stack size 16 bytes, app_easy_security.o(.text))
<BR><BR>[Stack]<UL><LI>Max Depth = 16<LI>Call Chain = app_easy_security_tk_exch_create_msg
</UL>
<BR>[Calls]<UL><LI><a href="#[e8]">&gt;&gt;</a>&nbsp;&nbsp;&nbsp;ke_msg_alloc (via Veneer)
</UL>
<BR>[Called By]<UL><LI><a href="#[1a5]">&gt;&gt;</a>&nbsp;&nbsp;&nbsp;app_easy_security_tk_exch
</UL>

<P><STRONG><a name="[1c7]"></a>app_easy_security_bond_cfm_ltk_exch_create_msg</STRONG> (Thumb, 44 bytes, Stack size 16 bytes, app_easy_security.o(.text))
<BR><BR>[Stack]<UL><LI>Max Depth = 16<LI>Call Chain = app_easy_security_bond_cfm_ltk_exch_create_msg
</UL>
<BR>[Calls]<UL><LI><a href="#[e8]">&gt;&gt;</a>&nbsp;&nbsp;&nbsp;ke_msg_alloc (via Veneer)
</UL>
<BR>[Called By]<UL><LI><a href="#[19a]">&gt;&gt;</a>&nbsp;&nbsp;&nbsp;app_easy_security_set_ltk_exch_from_sec_env
<LI><a href="#[19b]">&gt;&gt;</a>&nbsp;&nbsp;&nbsp;app_easy_security_ltk_exch
</UL>

<P><STRONG><a name="[1c8]"></a>app_easy_security_encrypt_cfm_create_msg</STRONG> (Thumb, 38 bytes, Stack size 16 bytes, app_easy_security.o(.text))
<BR><BR>[Stack]<UL><LI>Max Depth = 16<LI>Call Chain = app_easy_security_encrypt_cfm_create_msg
</UL>
<BR>[Calls]<UL><LI><a href="#[e8]">&gt;&gt;</a>&nbsp;&nbsp;&nbsp;ke_msg_alloc (via Veneer)
</UL>
<BR>[Called By]<UL><LI><a href="#[19f]">&gt;&gt;</a>&nbsp;&nbsp;&nbsp;app_easy_security_set_encrypt_req_valid
<LI><a href="#[1a1]">&gt;&gt;</a>&nbsp;&nbsp;&nbsp;app_easy_security_set_encrypt_req_invalid
<LI><a href="#[1a0]">&gt;&gt;</a>&nbsp;&nbsp;&nbsp;app_easy_security_encrypt_cfm
</UL>

<P><STRONG><a name="[a8]"></a>app_custs1_create_db_cfm_handler</STRONG> (Thumb, 38 bytes, Stack size 8 bytes, app_customs_task.o(.text))
<BR><BR>[Stack]<UL><LI>Max Depth = 8<LI>Call Chain = app_custs1_create_db_cfm_handler
</UL>
<BR>[Calls]<UL><LI><a href="#[e1]">&gt;&gt;</a>&nbsp;&nbsp;&nbsp;ke_state_get (via Veneer)
<LI><a href="#[e9]">&gt;&gt;</a>&nbsp;&nbsp;&nbsp;ke_msg_send (via Veneer)
<LI><a href="#[e8]">&gt;&gt;</a>&nbsp;&nbsp;&nbsp;ke_msg_alloc (via Veneer)
</UL>
<BR>[Address Reference Count : 1]<UL><LI> app_customs_task.o(.constdata)
</UL>
<P><STRONG><a name="[a9]"></a>app_custs1_disable_ind_handler</STRONG> (Thumb, 4 bytes, Stack size 0 bytes, app_customs_task.o(.text))
<BR>[Address Reference Count : 1]<UL><LI> app_customs_task.o(.constdata)
</UL>
<P><STRONG><a name="[1ca]"></a>bond_db_spi_flash_init</STRONG> (Thumb, 30 bytes, Stack size 8 bytes, app_bond_db.o(.text))
<BR><BR>[Stack]<UL><LI>Max Depth = 120<LI>Call Chain = bond_db_spi_flash_init &rArr; spi_flash_enable &rArr; spi_flash_auto_detect &rArr; spi_read_flash_jedec_id &rArr; spi_flash_wait_till_ready &rArr; spi_flash_read_status_reg &rArr; spi_transaction &rArr; spi_cs_low &rArr; GPIO_SetInactive
</UL>
<BR>[Calls]<UL><LI><a href="#[158]">&gt;&gt;</a>&nbsp;&nbsp;&nbsp;spi_flash_enable
<LI><a href="#[1d0]">&gt;&gt;</a>&nbsp;&nbsp;&nbsp;spi_flash_init
</UL>
<BR>[Called By]<UL><LI><a href="#[1cd]">&gt;&gt;</a>&nbsp;&nbsp;&nbsp;bond_db_init
<LI><a href="#[1c9]">&gt;&gt;</a>&nbsp;&nbsp;&nbsp;bond_db_clear
<LI><a href="#[1cc]">&gt;&gt;</a>&nbsp;&nbsp;&nbsp;bond_db_store_ext
</UL>

<P><STRONG><a name="[1cb]"></a>bond_db_erase_flash_sectors</STRONG> (Thumb, 34 bytes, Stack size 24 bytes, app_bond_db.o(.text))
<BR><BR>[Stack]<UL><LI>Max Depth = 112<LI>Call Chain = bond_db_erase_flash_sectors &rArr; spi_flash_block_erase &rArr; spi_flash_set_write_enable &rArr; spi_flash_wait_till_ready &rArr; spi_flash_read_status_reg &rArr; spi_transaction &rArr; spi_cs_low &rArr; GPIO_SetInactive
</UL>
<BR>[Calls]<UL><LI><a href="#[155]">&gt;&gt;</a>&nbsp;&nbsp;&nbsp;spi_flash_block_erase
</UL>
<BR>[Called By]<UL><LI><a href="#[1c9]">&gt;&gt;</a>&nbsp;&nbsp;&nbsp;bond_db_clear
<LI><a href="#[1cc]">&gt;&gt;</a>&nbsp;&nbsp;&nbsp;bond_db_store_ext
</UL>

<P><STRONG><a name="[1cc]"></a>bond_db_store_ext</STRONG> (Thumb, 34 bytes, Stack size 8 bytes, app_bond_db.o(.text))
<BR><BR>[Stack]<UL><LI>Max Depth = 136<LI>Call Chain = bond_db_store_ext &rArr; spi_flash_write_data &rArr; spi_flash_page_program &rArr; spi_flash_set_write_enable &rArr; spi_flash_wait_till_ready &rArr; spi_flash_read_status_reg &rArr; spi_transaction &rArr; spi_cs_low &rArr; GPIO_SetInactive
</UL>
<BR>[Calls]<UL><LI><a href="#[15a]">&gt;&gt;</a>&nbsp;&nbsp;&nbsp;spi_release
<LI><a href="#[156]">&gt;&gt;</a>&nbsp;&nbsp;&nbsp;spi_flash_write_data
<LI><a href="#[1cb]">&gt;&gt;</a>&nbsp;&nbsp;&nbsp;bond_db_erase_flash_sectors
<LI><a href="#[1ca]">&gt;&gt;</a>&nbsp;&nbsp;&nbsp;bond_db_spi_flash_init
</UL>
<BR>[Called By]<UL><LI><a href="#[1ce]">&gt;&gt;</a>&nbsp;&nbsp;&nbsp;bond_db_store
<LI><a href="#[1c9]">&gt;&gt;</a>&nbsp;&nbsp;&nbsp;bond_db_clear
</UL>

<P><STRONG><a name="[64]"></a>adv_data_update_timer_cb</STRONG> (Thumb, 8 bytes, Stack size 8 bytes, user_security.o(.text))
<BR><BR>[Stack]<UL><LI>Max Depth = 16<LI>Call Chain = adv_data_update_timer_cb &rArr; app_easy_gap_advertise_stop
</UL>
<BR>[Calls]<UL><LI><a href="#[1b0]">&gt;&gt;</a>&nbsp;&nbsp;&nbsp;app_easy_gap_advertise_stop
</UL>
<BR>[Address Reference Count : 1]<UL><LI> user_security.o(.text)
</UL>
<P><STRONG><a name="[65]"></a>param_update_request_timer_cb</STRONG> (Thumb, 16 bytes, Stack size 8 bytes, user_security.o(.text))
<BR><BR>[Stack]<UL><LI>Max Depth = 32<LI>Call Chain = param_update_request_timer_cb &rArr; app_easy_gap_param_update_start &rArr; app_easy_gap_param_update_msg_create
</UL>
<BR>[Calls]<UL><LI><a href="#[1b3]">&gt;&gt;</a>&nbsp;&nbsp;&nbsp;app_easy_gap_param_update_start
</UL>
<BR>[Address Reference Count : 1]<UL><LI> user_security.o(.text)
</UL><P>
<H3>
Undefined Global Symbols
</H3><HR></body></html>
