<html>
<body>
<pre>
<h1>µVision Build Log</h1>
<h2>Tool Versions:</h2>
IDE-Version: ¦ÌVision V5.16a
Copyright (C) 2015 ARM Ltd and ARM Germany GmbH. All rights reserved.
License Information: kking kking, kking, LIC=21EVE-5IAHB-G7ER6-DTHUE-3ATNZ-6ADWT
 
Tool Versions:
Toolchain:       MDK-ARM Standard  Version: 5.16a
Toolchain Path:  C:\Keil_v5\ARM\ARMCC\Bin
C Compiler:      Armcc.exe V5.06 (build 20)
Assembler:       Armasm.exe V5.06 (build 20)
Linker/Locator:  ArmLink.exe V5.06 (build 20)
Library Manager: ArmAr.exe V5.06 (build 20)
Hex Converter:   FromElf.exe V5.06 (build 20)
CPU DLL:         SARMCM3.DLL V5.16a
Dialog DLL:      DARMCM1.DLL V1.12.0.0
Target DLL:      Segger\JL2CM3.dll V2.99.15.2
Dialog DLL:      TARMCM1.DLL V1.9.0.0
 
<h2>Project:</h2>
F:\SVN\DA14583\DA1458x_SDK_5.0.4\DA1458x_SDK\5.0.4\utilities\flash_programmer\programmer.uvprojx
Project File Date:  07/27/2016

<h2>Output:</h2>
*** Using Compiler 'V5.06 (build 20)', folder: 'C:\Keil_v5\ARM\ARMCC\Bin'
Build target 'programmer_jtag'
assembling startup_CMSDK_CM0.s...
compiling system_CMSDK.c...
compiling crc32.c...
compiling peripherals.c...
compiling otpc.c...
compiling uart.c...
compiling i2c_eeprom.c...
compiling spi_flash.c...
compiling spi.c...
compiling gpio.c...
compiling programmer.c...
linking...
Program Size: Code=5720 RO-data=292 RW-data=60 ZI-data=1176  
FromELF: creating hex file...
After Build - User command #1: fromelf --bincombined --output=".\Out_jtag\jtag_programmer.bin"  ".\Out_jtag\jtag_programmer.axf"
".\Out_jtag\jtag_programmer.axf" - 0 Error(s), 0 Warning(s).

<h2>Collection of Component include folders:</h2>
  F:\SVN\DA14583\DA1458x_SDK_5.0.4\DA1458x_SDK\5.0.4\utilities\flash_programmer\RTE
  C:\Keil_v5\ARM\PACK\ARM\CMSIS\4.3.0\Device\ARM\ARMCM0\Include

<h2>Collection of Component Files used:</h2>
Build Time Elapsed:  00:00:03
</pre>
</body>
</html>
