<html>
<body>
<pre>
<h1>µVision Build Log</h1>
<h2>Tool Versions:</h2>
IDE-Version: ¦ÌVision V5.16a
Copyright (C) 2015 ARM Ltd and ARM Germany GmbH. All rights reserved.
License Information: kking kking, kking, LIC=21EVE-5IAHB-G7ER6-DTHUE-3ATNZ-6ADWT
 
Tool Versions:
Toolchain:       MDK-ARM Standard  Version: 5.16a
Toolchain Path:  C:\Keil_v5\ARM\ARMCC\Bin
C Compiler:      Armcc.exe V5.06 (build 20)
Assembler:       Armasm.exe V5.06 (build 20)
Linker/Locator:  ArmLink.exe V5.06 (build 20)
Library Manager: ArmAr.exe V5.06 (build 20)
Hex Converter:   FromElf.exe V5.06 (build 20)
CPU DLL:         SARMCM3.DLL V5.16a
Dialog DLL:      DARMCM1.DLL V1.12.0.0
Target DLL:      Segger\JL2CM3.dll V2.99.15.2
Dialog DLL:      TARMCM1.DLL V1.9.0.0
 
<h2>Project:</h2>
F:\SVN\DA14583\DA1458x_SDK_5.0.4\DA1458x_SDK\5.0.4\projects\target_apps\ble_examples\prox_reporter_ext_spi\Keil_5\prox_reporter_ext_spi.uvprojx
Project File Date:  07/27/2016

<h2>Output:</h2>
*** Using Compiler 'V5.06 (build 20)', folder: 'C:\Keil_v5\ARM\ARMCC\Bin'
Rebuild target 'prox_reporter_ext_spi_580'
assembling boot_vectors.s...
compiling hardfault_handler.c...
compiling system_ARMCM0.c...
compiling nmi_handler.c...
compiling nvds.c...
compiling arch_console.c...
compiling arch_main.c...
compiling arch_sleep.c...
compiling jump_table.c...
compiling arch_hci_spi.c...
compiling arch_patch.c...
compiling arch_system.c...
compiling syscntl.c...
compiling gpio.c...
..\..\..\..\..\sdk\platform\driver\gpio\gpio.c(119): warning:  #1215-D: #warning directive: "GPIO assignment checking is active! Deactivate before burning OTP..."
          #warning "GPIO assignment checking is active! Deactivate before burning OTP..."
..\..\..\..\..\sdk\platform\driver\gpio\gpio.c: 1 warning, 0 errors
compiling wkupct_quadec.c...
compiling adc.c...
compiling trng.c...
compiling spi_hci.c...
compiling spi.c...
compiling spi_flash.c...
compiling rf_580.c...
compiling rwble.c...
compiling rwip.c...
compiling gapm.c...
compiling diss.c...
compiling proxr.c...
compiling diss_task.c...
compiling proxr_task.c...
compiling spotar.c...
compiling prf_utils.c...
compiling user_proxr_ext_spi.c...
compiling user_periph_setup.c...
compiling spotar_task.c...
linking...
Program Size: Code=15250 RO-data=2270 RW-data=120 ZI-data=7168  
FromELF: creating hex file...
".\out_580\prox_reporter_ext_spi_580.axf" - 0 Error(s), 1 Warning(s).

<h2>Collection of Component include folders:</h2>
  F:\SVN\DA14583\DA1458x_SDK_5.0.4\DA1458x_SDK\5.0.4\projects\target_apps\ble_examples\prox_reporter_ext_spi\Keil_5\RTE
  C:\Keil_v5\ARM\PACK\ARM\CMSIS\4.3.0\Device\ARM\ARMCM0\Include

<h2>Collection of Component Files used:</h2>
Build Time Elapsed:  00:00:09
</pre>
</body>
</html>
