<html>
<body>
<pre>
<h1>µVision Build Log</h1>
<h2>Tool Versions:</h2>
IDE-Version: ¦ÌVision V5.23.0.0
Copyright (C) 2017 ARM Ltd and ARM Germany GmbH. All rights reserved.
License Information: t yons, t, LIC=MPP56-D6PXD-HJ96M-XQPV9-UTX5A-EW3DX
 
Tool Versions:
Toolchain:       MDK-ARM Plus  Version: 5.23
Toolchain Path:  C:\Keil_v5\ARM\ARMCC\Bin
C Compiler:      Armcc.exe V5.06 update 4 (build 422)
Assembler:       Armasm.exe V5.06 update 4 (build 422)
Linker/Locator:  ArmLink.exe V5.06 update 4 (build 422)
Library Manager: ArmAr.exe V5.06 update 4 (build 422)
Hex Converter:   FromElf.exe V5.06 update 4 (build 422)
CPU DLL:         SARMCM3.DLL V5.23
Dialog DLL:      DARMCM1.DLL V1.17.0.0
Target DLL:      Segger\JL2CM3.dll V2.99.23.0
Dialog DLL:      TARMCM1.DLL V1.12.0.0
 
<h2>Project:</h2>
F:\prj\temp\5.0.4\projects\target_apps\ble_examples\ble_app_all_in_one\Keil_5\ble_app_all_in_one.uvprojx
Project File Date:  12/24/2019

<h2>Output:</h2>
*** Using Compiler 'V5.06 update 4 (build 422)', folder: 'C:\Keil_v5\ARM\ARMCC\Bin'
Rebuild target 'ble_app_all_in_one_580'
assembling boot_vectors.s...
compiling nvds.c...
compiling hardfault_handler.c...
compiling arch_console.c...
compiling nmi_handler.c...
compiling arch_sleep.c...
compiling system_ARMCM0.c...
compiling syscntl.c...
compiling arch_patch.c...
compiling arch_main.c...
compiling arch_system.c...
compiling jump_table.c...
compiling battery.c...
..\..\..\..\..\sdk\platform\driver\battery\battery.c(197): warning:  #177-D: variable "batt_lvl"  was declared but never referenced
  	uint8_t batt_lvl;
..\..\..\..\..\sdk\platform\driver\battery\battery.c(172): warning:  #177-D: function "battery_filter_value"  was declared but never referenced
  static inline uint16_t battery_filter_value (uint16_t new_adc_value)
..\..\..\..\..\sdk\platform\driver\battery\battery.c: 2 warnings, 0 errors
compiling adc.c...
compiling wkupct_quadec.c...
compiling trng.c...
compiling gpio.c...
..\..\..\..\..\sdk\platform\driver\gpio\gpio.c(119): warning:  #1215-D: #warning directive: "GPIO assignment checking is active! Deactivate before burning OTP..."
          #warning "GPIO assignment checking is active! Deactivate before burning OTP..."
..\..\..\..\..\sdk\platform\driver\gpio\gpio.c: 1 warning, 0 errors
compiling spi_flash.c...
compiling spi.c...
compiling i2c_eeprom.c...
compiling pwm.c...
compiling uart2.c...
compiling gapm.c...
compiling attm_db_128.c...
compiling diss_task.c...
compiling diss.c...
compiling prf_utils.c...
compiling custs1.c...
compiling rf_580.c...
compiling rwble.c...
compiling custom_common.c...
compiling custs1_task.c...
compiling rwip.c...
compiling spotar.c...
compiling app_default_handlers.c...
compiling spotar_task.c...
compiling app_security_task.c...
compiling app_task.c...
compiling app_security.c...
compiling app_bass.c...
compiling app_bass_task.c...
compiling app.c...
compiling app_findme_task.c...
compiling app_findme.c...
compiling app_proxr.c...
compiling app_proxr_task.c...
compiling app_diss.c...
compiling app_diss_task.c...
compiling app_spotar_task.c...
compiling app_msg_utils.c...
compiling app_entry_point.c...
compiling app_easy_msg_utils.c...
compiling app_spotar.c...
compiling app_customs.c...
compiling app_easy_timer.c...
compiling app_easy_security.c...
compiling app_customs_task.c...
compiling app_customs_common.c...
compiling user_custs_config.c...
compiling app_bond_db.c...
compiling user_custs1_def.c...
compiling user_periph_setup.c...
compiling common_uart.c...
compiling user_custs1_impl.c...
..\src\user_custs1_impl.c(353): warning:  #188-D: enumerated type mixed with another type
      timer2_set_sw_pause(HW_CAN_NOT_PAUSE_PWM_2_3_4);
..\src\user_custs1_impl.c(477): warning:  #177-D: variable "len"  was declared but never referenced
  		uint8_t data[6] = {0,0,0,0,0,0},len;
..\src\user_custs1_impl.c(516): warning:  #223-D: function "adc_usDelay" declared implicitly
      adc_usDelay(20);
..\src\user_custs1_impl.c(566): warning:  #177-D: variable "printfBuf"  was declared but never referenced
  	char printfBuf[8] = {0};
..\src\user_custs1_impl.c(67): warning:  #177-D: function "user_app_pwm_callback_function"  was declared but never referenced
  static void user_app_pwm_callback_function(void);
..\src\user_custs1_impl.c: 5 warnings, 0 errors
compiling user_all_in_one.c...
..\src\user_all_in_one.c(638): warning:  #223-D: function "printf_string" declared implicitly
  	 printf_string("\n\r* UART TEST *\n\r");
..\src\user_all_in_one.c: 1 warning, 0 errors
linking...
Program Size: Code=26714 RO-data=2630 RW-data=700 ZI-data=8252  
FromELF: creating hex file...
After Build - User command #1: fromelf --bincombined --output=".\PTM100_V1.bin"  ".\out_580\ble_app_all_in_one_580.axf"
".\out_580\ble_app_all_in_one_580.axf" - 0 Error(s), 9 Warning(s).

<h2>Collection of Component include folders:</h2>
  .\RTE\_ble_app_all_in_one_580
  C:\Keil_v5\ARM\PACK\ARM\CMSIS\5.4.0\Device\ARM\ARMCM0\Include

<h2>Collection of Component Files used:</h2>
Build Time Elapsed:  00:00:05
</pre>
</body>
</html>
