<html>
<body>
<pre>
<h1>µVision Build Log</h1>
<h2>Tool Versions:</h2>
IDE-Version: ¦ÌVision V5.23.0.0
Copyright (C) 2017 ARM Ltd and ARM Germany GmbH. All rights reserved.
License Information: t yons, t, LIC=MPP56-D6PXD-HJ96M-XQPV9-UTX5A-EW3DX
 
Tool Versions:
Toolchain:       MDK-ARM Plus  Version: 5.23
Toolchain Path:  C:\Keil_v5\ARM\ARMCC\Bin
C Compiler:      Armcc.exe V5.06 update 4 (build 422)
Assembler:       Armasm.exe V5.06 update 4 (build 422)
Linker/Locator:  ArmLink.exe V5.06 update 4 (build 422)
Library Manager: ArmAr.exe V5.06 update 4 (build 422)
Hex Converter:   FromElf.exe V5.06 update 4 (build 422)
CPU DLL:         SARMCM3.DLL V5.23
Dialog DLL:      DARMCM1.DLL V1.17.0.0
Target DLL:      Segger\JL2CM3.dll V2.99.23.0
Dialog DLL:      TARMCM1.DLL V1.12.0.0
 
<h2>Project:</h2>
F:\prj\temp\5.0.4\projects\target_apps\ble_examples\ble_app_barebone\Keil_5\ble_app_barebone.uvprojx
Project File Date:  08/15/2019

<h2>Output:</h2>
*** Using Compiler 'V5.06 update 4 (build 422)', folder: 'C:\Keil_v5\ARM\ARMCC\Bin'
Build target 'ble_app_barebone_583'
assembling boot_vectors.s...
compiling arch_console.c...
compiling hardfault_handler.c...
compiling system_ARMCM0.c...
compiling nmi_handler.c...
compiling arch_sleep.c...
compiling nvds.c...
compiling syscntl.c...
compiling jump_table.c...
compiling arch_patch.c...
compiling arch_main.c...
compiling gpio.c...
..\..\..\..\..\sdk\platform\driver\gpio\gpio.c(119): warning:  #1215-D: #warning directive: "GPIO assignment checking is active! Deactivate before burning OTP..."
          #warning "GPIO assignment checking is active! Deactivate before burning OTP..."
..\..\..\..\..\sdk\platform\driver\gpio\gpio.c: 1 warning, 0 errors
compiling arch_system.c...
compiling wkupct_quadec.c...
compiling spi.c...
compiling battery.c...
..\..\..\..\..\sdk\platform\driver\battery\battery.c(197): warning:  #177-D: variable "batt_lvl"  was declared but never referenced
  	uint8_t batt_lvl;
..\..\..\..\..\sdk\platform\driver\battery\battery.c(172): warning:  #177-D: function "battery_filter_value"  was declared but never referenced
  static inline uint16_t battery_filter_value (uint16_t new_adc_value)
..\..\..\..\..\sdk\platform\driver\battery\battery.c: 2 warnings, 0 errors
compiling adc.c...
compiling trng.c...
compiling i2c_eeprom.c...
compiling spi_flash.c...
compiling uart2.c...
compiling gapm.c...
compiling diss.c...
compiling diss_task.c...
compiling prf_utils.c...
compiling rf_580.c...
compiling rwip.c...
compiling app_default_handlers.c...
compiling app_task.c...
compiling app_security.c...
compiling rwble.c...
compiling app.c...
compiling app_bass.c...
compiling app_security_task.c...
compiling app_bass_task.c...
compiling app_findme.c...
compiling app_proxr.c...
compiling app_findme_task.c...
compiling app_proxr_task.c...
compiling app_diss.c...
compiling app_spotar.c...
compiling app_diss_task.c...
compiling app_spotar_task.c...
compiling app_msg_utils.c...
compiling app_entry_point.c...
compiling app_easy_timer.c...
compiling app_customs.c...
compiling app_customs_task.c...
compiling app_customs_common.c...
compiling app_easy_security.c...
compiling app_easy_msg_utils.c...
compiling user_periph_setup.c...
compiling user_barebone.c...
linking...
Program Size: Code=15364 RO-data=2012 RW-data=12 ZI-data=7564  
FromELF: creating hex file...
".\out_583\ble_app_barebone_583.axf" - 0 Error(s), 3 Warning(s).

<h2>Collection of Component include folders:</h2>
  .\RTE\_ble_app_barebone_583
  C:\Keil_v5\ARM\PACK\ARM\CMSIS\5.4.0\Device\ARM\ARMCM0\Include

<h2>Collection of Component Files used:</h2>
Build Time Elapsed:  00:00:05
</pre>
</body>
</html>
